
PROGRAM "Generic Demo.abs"

*********************************************************************************************
TARGET SECTION
---------------------------------------------------------------------------------------------
Processor   : Freescale HC08
Memory Model: BANKED
File Format : ELF\DWARF 2.0
Linker      : SmartLinker V-5.0.48 Build 11346, Dec 13 2011

*********************************************************************************************
FILE SECTION
---------------------------------------------------------------------------------------------
uMac_c.obj                              Model: BANKED,        Lang: ANSI-C
SMAC_c.obj                              Model: BANKED,        Lang: ANSI-C
Timer_c.obj                             Model: BANKED,        Lang: ANSI-C
SPI_c.obj                               Model: BANKED,        Lang: ANSI-C
UART_c.obj                              Model: BANKED,        Lang: ANSI-C
PhyMC1320X_c.obj                        Model: BANKED,        Lang: ANSI-C
Radio_c.obj                             Model: BANKED,        Lang: ANSI-C
LVD_c.obj                               Model: BANKED,        Lang: ANSI-C
LED_c.obj                               Model: BANKED,        Lang: ANSI-C
LCD_c.obj                               Model: BANKED,        Lang: ANSI-C
KBI_c.obj                               Model: BANKED,        Lang: ANSI-C
IRQ_c.obj                               Model: BANKED,        Lang: ANSI-C
IIC_c.obj                               Model: BANKED,        Lang: ANSI-C
GPIO_c.obj                              Model: BANKED,        Lang: ANSI-C
Utilities_c.obj                         Model: BANKED,        Lang: ANSI-C
McuInit_c.obj                           Model: BANKED,        Lang: ANSI-C
Start08_c.obj                           Model: BANKED,        Lang: ANSI-C
mc9s08qe128_c.obj                       Model: BANKED,        Lang: ANSI-C
vectortable_c.obj                       Model: BANKED,        Lang: ANSI-C
OTAP_c.obj                              Model: BANKED,        Lang: ANSI-C
main_c.obj                              Model: BANKED,        Lang: ANSI-C
rtshc08.o (ansibim.lib)                 Model: BANKED,        Lang: ANSI-C

*********************************************************************************************
STARTUP SECTION
---------------------------------------------------------------------------------------------
Entry point: 0x339B (_Startup)
_startupData is allocated at 0x2080 and uses 6 Bytes
extern struct _tagStartup {
  unsigned nofZeroOut     1
  _Range   pZeroOut       0x300     884
  _Copy    *toCopyDownBeg 0x3EA4
} _startupData;

*********************************************************************************************
SECTION-ALLOCATION SECTION
Section Name                    Size  Type     From       To       Segment
---------------------------------------------------------------------------------------------
.data                             65   R/W      0x300      0x340   APP_RAM_1
NON_BANKED                      4536     R     0x20B0     0x3267   APP_CODE_0
.copy                             71     R     0x3EA4     0x3EEA   APP_CODE_0
.rodata                          138     R     0x3268     0x32F1   APP_CODE_0
.rodata1                          41     R     0x32F2     0x331A   APP_CODE_0
.text                           2814     R     0x33A6     0x3EA3   APP_CODE_0
.startData                        26     R     0x2080     0x2099   APP_STARTUP_STRUC_FLASH
.stack                           512   R/W      0x100      0x2FF   APP_STACK_RAM
.abs_section_0                     1   N/I        0x0        0x0   .absSeg0
.abs_section_1                     1   N/I        0x1        0x1   .absSeg1
.abs_section_2                     1   N/I        0x2        0x2   .absSeg2
.abs_section_3                     1   N/I        0x3        0x3   .absSeg3
.abs_section_4                     1   N/I        0x4        0x4   .absSeg4
.abs_section_5                     1   N/I        0x5        0x5   .absSeg5
.abs_section_6                     1   N/I        0x6        0x6   .absSeg6
.abs_section_7                     1   N/I        0x7        0x7   .absSeg7
.abs_section_8                     1   N/I        0x8        0x8   .absSeg8
.abs_section_9                     1   N/I        0x9        0x9   .absSeg9
.abs_section_a                     1   N/I        0xA        0xA   .absSeg10
.abs_section_b                     1   N/I        0xB        0xB   .absSeg11
.abs_section_c                     1   N/I        0xC        0xC   .absSeg12
.abs_section_d                     1   N/I        0xD        0xD   .absSeg13
.abs_section_e                     1   N/I        0xE        0xE   .absSeg14
.abs_section_f                     1   N/I        0xF        0xF   .absSeg15
.abs_section_10                    1   N/I       0x10       0x10   .absSeg16
.abs_section_11                    1   N/I       0x11       0x11   .absSeg17
.abs_section_16                    1   N/I       0x16       0x16   .absSeg18
.abs_section_17                    1   N/I       0x17       0x17   .absSeg19
.abs_section_18                    1   N/I       0x18       0x18   .absSeg20
.abs_section_19                    1   N/I       0x19       0x19   .absSeg21
.abs_section_1a                    1   N/I       0x1A       0x1A   .absSeg22
.abs_section_1b                    1   N/I       0x1B       0x1B   .absSeg23
.abs_section_1c                    1   N/I       0x1C       0x1C   .absSeg24
.abs_section_1d                    1   N/I       0x1D       0x1D   .absSeg25
.abs_section_1e                    1   N/I       0x1E       0x1E   .absSeg26
.abs_section_1f                    1   N/I       0x1F       0x1F   .absSeg27
.abs_section_22                    1   N/I       0x22       0x22   .absSeg28
.abs_section_23                    1   N/I       0x23       0x23   .absSeg29
.abs_section_24                    1   N/I       0x24       0x24   .absSeg30
.abs_section_25                    1   N/I       0x25       0x25   .absSeg31
.abs_section_26                    1   N/I       0x26       0x26   .absSeg32
.abs_section_27                    1   N/I       0x27       0x27   .absSeg33
.abs_section_28                    1   N/I       0x28       0x28   .absSeg34
.abs_section_29                    1   N/I       0x29       0x29   .absSeg35
.abs_section_2a                    1   N/I       0x2A       0x2A   .absSeg36
.abs_section_2b                    1   N/I       0x2B       0x2B   .absSeg37
.abs_section_2d                    1   N/I       0x2D       0x2D   .absSeg38
.abs_section_2e                    1   N/I       0x2E       0x2E   .absSeg39
.abs_section_2f                    1   N/I       0x2F       0x2F   .absSeg40
.abs_section_30                    1   N/I       0x30       0x30   .absSeg41
.abs_section_31                    1   N/I       0x31       0x31   .absSeg42
.abs_section_32                    1   N/I       0x32       0x32   .absSeg43
.abs_section_33                    1   N/I       0x33       0x33   .absSeg44
.abs_section_34                    1   N/I       0x34       0x34   .absSeg45
.abs_section_35                    1   N/I       0x35       0x35   .absSeg46
.abs_section_38                    1   N/I       0x38       0x38   .absSeg47
.abs_section_39                    1   N/I       0x39       0x39   .absSeg48
.abs_section_3a                    1   N/I       0x3A       0x3A   .absSeg49
.abs_section_3b                    1   N/I       0x3B       0x3B   .absSeg50
.abs_section_3c                    1   N/I       0x3C       0x3C   .absSeg51
.abs_section_3d                    1   N/I       0x3D       0x3D   .absSeg52
.abs_section_3e                    1   N/I       0x3E       0x3E   .absSeg53
.abs_section_40                    1   N/I       0x40       0x40   .absSeg54
.abs_section_45                    1   N/I       0x45       0x45   .absSeg55
.abs_section_48                    1   N/I       0x48       0x48   .absSeg56
.abs_section_4b                    1   N/I       0x4B       0x4B   .absSeg57
.abs_section_50                    1   N/I       0x50       0x50   .absSeg58
.abs_section_55                    1   N/I       0x55       0x55   .absSeg59
.abs_section_58                    1   N/I       0x58       0x58   .absSeg60
.abs_section_5b                    1   N/I       0x5B       0x5B   .absSeg61
.abs_section_60                    1   N/I       0x60       0x60   .absSeg62
.abs_section_65                    1   N/I       0x65       0x65   .absSeg63
.abs_section_68                    1   N/I       0x68       0x68   .absSeg64
.abs_section_6b                    1   N/I       0x6B       0x6B   .absSeg65
.abs_section_6e                    1   N/I       0x6E       0x6E   .absSeg66
.abs_section_71                    1   N/I       0x71       0x71   .absSeg67
.abs_section_74                    1   N/I       0x74       0x74   .absSeg68
.abs_section_78                    1   N/I       0x78       0x78   .absSeg69
.abs_section_79                    1   N/I       0x79       0x79   .absSeg70
.abs_section_7a                    1   N/I       0x7A       0x7A   .absSeg71
.abs_section_7b                    1   N/I       0x7B       0x7B   .absSeg72
.abs_section_7c                    1   N/I       0x7C       0x7C   .absSeg73
.abs_section_7d                    1   N/I       0x7D       0x7D   .absSeg74
.abs_section_7e                    1   N/I       0x7E       0x7E   .absSeg75
.abs_section_7f                    1   N/I       0x7F       0x7F   .absSeg76
.abs_section_1800                  1   N/I     0x1800     0x1800   .absSeg77
.abs_section_1801                  1   N/I     0x1801     0x1801   .absSeg78
.abs_section_1802                  1   N/I     0x1802     0x1802   .absSeg79
.abs_section_1803                  1   N/I     0x1803     0x1803   .absSeg80
.abs_section_1808                  1   N/I     0x1808     0x1808   .absSeg81
.abs_section_1809                  1   N/I     0x1809     0x1809   .absSeg82
.abs_section_180b                  1   N/I     0x180B     0x180B   .absSeg83
.abs_section_180e                  1   N/I     0x180E     0x180E   .absSeg84
.abs_section_180f                  1   N/I     0x180F     0x180F   .absSeg85
.abs_section_1818                  1   N/I     0x1818     0x1818   .absSeg86
.abs_section_1819                  1   N/I     0x1819     0x1819   .absSeg87
.abs_section_181a                  1   N/I     0x181A     0x181A   .absSeg88
.abs_section_181b                  1   N/I     0x181B     0x181B   .absSeg89
.abs_section_181c                  1   N/I     0x181C     0x181C   .absSeg90
.abs_section_181d                  1   N/I     0x181D     0x181D   .absSeg91
.abs_section_181e                  1   N/I     0x181E     0x181E   .absSeg92
.abs_section_181f                  1   N/I     0x181F     0x181F   .absSeg93
.abs_section_1820                  1   N/I     0x1820     0x1820   .absSeg94
.abs_section_1821                  1   N/I     0x1821     0x1821   .absSeg95
.abs_section_1823                  1   N/I     0x1823     0x1823   .absSeg96
.abs_section_1824                  1   N/I     0x1824     0x1824   .absSeg97
.abs_section_1825                  1   N/I     0x1825     0x1825   .absSeg98
.abs_section_1826                  1   N/I     0x1826     0x1826   .absSeg99
.abs_section_1830                  1   N/I     0x1830     0x1830   .absSeg100
.abs_section_1831                  1   N/I     0x1831     0x1831   .absSeg101
.abs_section_1832                  1   N/I     0x1832     0x1832   .absSeg102
.abs_section_1838                  1   N/I     0x1838     0x1838   .absSeg103
.abs_section_1839                  1   N/I     0x1839     0x1839   .absSeg104
.abs_section_183a                  1   N/I     0x183A     0x183A   .absSeg105
.abs_section_183b                  1   N/I     0x183B     0x183B   .absSeg106
.abs_section_183d                  1   N/I     0x183D     0x183D   .absSeg107
.abs_section_1840                  1   N/I     0x1840     0x1840   .absSeg108
.abs_section_1841                  1   N/I     0x1841     0x1841   .absSeg109
.abs_section_1842                  1   N/I     0x1842     0x1842   .absSeg110
.abs_section_1844                  1   N/I     0x1844     0x1844   .absSeg111
.abs_section_1845                  1   N/I     0x1845     0x1845   .absSeg112
.abs_section_1846                  1   N/I     0x1846     0x1846   .absSeg113
.abs_section_1848                  1   N/I     0x1848     0x1848   .absSeg114
.abs_section_1849                  1   N/I     0x1849     0x1849   .absSeg115
.abs_section_184a                  1   N/I     0x184A     0x184A   .absSeg116
.abs_section_184c                  1   N/I     0x184C     0x184C   .absSeg117
.abs_section_184d                  1   N/I     0x184D     0x184D   .absSeg118
.abs_section_184e                  1   N/I     0x184E     0x184E   .absSeg119
.abs_section_1850                  1   N/I     0x1850     0x1850   .absSeg120
.abs_section_1851                  1   N/I     0x1851     0x1851   .absSeg121
.abs_section_1852                  1   N/I     0x1852     0x1852   .absSeg122
.abs_section_1854                  1   N/I     0x1854     0x1854   .absSeg123
.abs_section_1855                  1   N/I     0x1855     0x1855   .absSeg124
.abs_section_1856                  1   N/I     0x1856     0x1856   .absSeg125
.abs_section_1858                  1   N/I     0x1858     0x1858   .absSeg126
.abs_section_1859                  1   N/I     0x1859     0x1859   .absSeg127
.abs_section_185a                  1   N/I     0x185A     0x185A   .absSeg128
.abs_section_185c                  1   N/I     0x185C     0x185C   .absSeg129
.abs_section_185d                  1   N/I     0x185D     0x185D   .absSeg130
.abs_section_185e                  1   N/I     0x185E     0x185E   .absSeg131
.abs_section_1860                  1   N/I     0x1860     0x1860   .absSeg132
.abs_section_1861                  1   N/I     0x1861     0x1861   .absSeg133
.abs_section_1862                  1   N/I     0x1862     0x1862   .absSeg134
.abs_section_1868                  1   N/I     0x1868     0x1868   .absSeg135
.abs_section_1869                  1   N/I     0x1869     0x1869   .absSeg136
.abs_section_186a                  1   N/I     0x186A     0x186A   .absSeg137
.abs_section_186b                  1   N/I     0x186B     0x186B   .absSeg138
.abs_section_186c                  1   N/I     0x186C     0x186C   .absSeg139
.abs_section_186d                  1   N/I     0x186D     0x186D   .absSeg140
.abs_section_1872                  1   N/I     0x1872     0x1872   .absSeg141
.abs_section_1873                  1   N/I     0x1873     0x1873   .absSeg142
.abs_section_1874                  1   N/I     0x1874     0x1874   .absSeg143
.abs_section_1875                  1   N/I     0x1875     0x1875   .absSeg144
.abs_section_1876                  1   N/I     0x1876     0x1876   .absSeg145
.abs_section_1877                  1   N/I     0x1877     0x1877   .absSeg146
.abs_section_1878                  1   N/I     0x1878     0x1878   .absSeg147
.abs_section_1879                  1   N/I     0x1879     0x1879   .absSeg148
.abs_section_187a                  1   N/I     0x187A     0x187A   .absSeg149
.abs_section_187b                  1   N/I     0x187B     0x187B   .absSeg150
.abs_section_187c                  1   N/I     0x187C     0x187C   .absSeg151
.abs_section_187d                  1   N/I     0x187D     0x187D   .absSeg152
.abs_section_12                    2   N/I       0x12       0x13   .absSeg153
.abs_section_14                    2   N/I       0x14       0x15   .absSeg154
.abs_section_20                    2   N/I       0x20       0x21   .absSeg155
.abs_section_41                    2   N/I       0x41       0x42   .absSeg156
.abs_section_43                    2   N/I       0x43       0x44   .absSeg157
.abs_section_46                    2   N/I       0x46       0x47   .absSeg158
.abs_section_49                    2   N/I       0x49       0x4A   .absSeg159
.abs_section_4c                    2   N/I       0x4C       0x4D   .absSeg160
.abs_section_51                    2   N/I       0x51       0x52   .absSeg161
.abs_section_53                    2   N/I       0x53       0x54   .absSeg162
.abs_section_56                    2   N/I       0x56       0x57   .absSeg163
.abs_section_59                    2   N/I       0x59       0x5A   .absSeg164
.abs_section_5c                    2   N/I       0x5C       0x5D   .absSeg165
.abs_section_61                    2   N/I       0x61       0x62   .absSeg166
.abs_section_63                    2   N/I       0x63       0x64   .absSeg167
.abs_section_66                    2   N/I       0x66       0x67   .absSeg168
.abs_section_69                    2   N/I       0x69       0x6A   .absSeg169
.abs_section_6c                    2   N/I       0x6C       0x6D   .absSeg170
.abs_section_6f                    2   N/I       0x6F       0x70   .absSeg171
.abs_section_72                    2   N/I       0x72       0x73   .absSeg172
.abs_section_75                    2   N/I       0x75       0x76   .absSeg173
.abs_section_1806                  2   N/I     0x1806     0x1807   .absSeg174
.abs_section_1810                  2   N/I     0x1810     0x1811   .absSeg175
.abs_section_1812                  2   N/I     0x1812     0x1813   .absSeg176
.abs_section_1814                  2   N/I     0x1814     0x1815   .absSeg177
.abs_section_1816                  2   N/I     0x1816     0x1817   .absSeg178
.abs_section_1870                  2   N/I     0x1870     0x1871   .absSeg179
.abs_section_ffc0                 62     R     0xFFC0     0xFFFD   .absSeg180
.bss                             653   R/W      0x341      0x5CD   APP_RAM_1
.init                            139     R     0x331B     0x33A5   APP_CODE_0
.common                          166   R/W      0x5CE      0x673   APP_RAM_1
RES_RESET_VECTOR_FLASH_vect          2     R     0xFFFE     0xFFFF   RES_RESET_VECTOR_FLASH

Summary of section sizes per section type:
READ_ONLY (R):        1E95 (dec:     7829)
READ_WRITE (R/W):      574 (dec:     1396)
NO_INIT (N/I):          CF (dec:      207)

*********************************************************************************************
VECTOR-ALLOCATION SECTION
    Address     InitValue   InitFunction
---------------------------------------------------------------------------------------------
     0xFFFE        0x339B   _Startup

*********************************************************************************************
OBJECT-ALLOCATION SECTION
     Name               Module                 Addr   hSize   dSize     Ref    Section   RLIB
---------------------------------------------------------------------------------------------
MODULE:                 -- uMac_c.obj --
- PROCEDURES:
     Init_uMac                                 33A6      1E      30       2   .text       
     uMac_Engine                               33C4     105     261       7   .text       
     InitSmac                                  34C9      3E      62       2   .text       
     MLMEScanComfirm                           20B0       9       9       2   NON_BANKED  
     MCPSDataIndication                        20B9       6       6       3   NON_BANKED  
     MCPSDataComfirm                           20BF       6       6       1   NON_BANKED  
     MLMEResetIndication                       20C5       1       1       1   NON_BANKED  
     MLMEWakeComfirm                           20C6       1       1       1   NON_BANKED  
- VARIABLES:
     uMacbroad                                  300       1       1       2   .data       
     Channels                                   301      10      16       1   .data       
     uMac_On                                    341       1       1       4   .bss        
     i                                          342       1       1       2   .bss        
     uMac_Current_State                         343       1       1       5   .bss        
     gau8RxDataBuffer                           344      82     130       1   .bss        
     gau8TxDataBuffer                           3C6      80     128       2   .bss        
     AppTxPacket                                446       2       2       4   .bss        
     AppRxPacket                                448       2       2       5   .bss        
     uMac_RxPacket                              44A       2       2       3   .bss        
     uMac_TxPacket                              44C       2       2       2   .bss        
     bestChannel                                5CE       1       1       1   .common     
     bScanDone                                  5CF       1       1       1   .common     
     bTxDone                                    5D0       1       1       4   .common     
     bRxDone                                    5D1       1       1       3   .common     
     bDoTx                                      5D2       1       1       2   .common     
MODULE:                 -- SMAC_c.obj --
- PROCEDURES:
     MCPSDataRequest                           3507      4B      75       4   .text       
     MLMERXEnableRequest                       3552      9A     154       4   .text       
     MLMERXDisableRequest                      35EC      22      34       2   .text       
     MLMERadioInit                             360E      61      97       2   .text       
     MLMEFEGainAdjust                          366F       D      13       2   .text       
     MLMESetChannelRequest                     367C      38      56       4   .text       
     MLMEPAOutputAdjust                        36B4      2C      44       2   .text       
     MLMESetClockRate                          36E0       4       4       2   .text       
     MLMESetTmrPrescale                        36E4      1C      28       2   .text       
     SmacScanTheNextChannel                    3700      60      96       6   .text       
     SmacSetRxTimeout                          3760      27      39       4   .text       
     SmacFormatTxPacket                        3787      29      41       2   .text       
     PhyPdDataConfirm                          20C7      5F      95       1   NON_BANKED  
     PhyPdDataIndication                       2126      81     129       1   NON_BANKED  
     PhyPlmeCcaConfirm                         21A7      4A      74       1   NON_BANKED  
     PhyPlmeEdConfirm                          21F1      6A     106       1   NON_BANKED  
     PhyPlmeSyncLossIndication                 225B      63      99       1   NON_BANKED  
     PhyPlmeResetIndication                    22BE       3       3       1   NON_BANKED  
     PhyPlmeWakeComfirm                        22C1       3       3       1   NON_BANKED  
     PhyTimeRxTimeoutIndication                22C4      12      18       1   NON_BANKED  
- VARIABLES:
     smacTimeout                                44E       4       4       4   .bss        
     smacChannelsBeingScanned                   452       2       2       2   .bss        
     smacEdValue                                454       1       1       5   .bss        
     smacState                                  455       1       1      18   .bss        
     smacLastDataRxParams                       456       5       5       6   .bss        
     smacCurrentChannel                         45B       1       1       4   .bss        
     smacScanCurrentChannel                     45C       1       1       8   .bss        
     smacClearestChann                          45D       1       1       5   .bss        
     pTestPacket                                45E       2       2       1   .bss        
     smacProccesPacketPtr                       460       2       2      24   .bss        
     smacFlags                                  5D3       1       1      27   .common     
MODULE:                 -- Timer_c.obj --
- PROCEDURES:
     Tmr_Init                                  22D6      36      54       1   NON_BANKED  
     Tmr_Tmr1Isr                               230C      32      50       4   NON_BANKED  
     Tmr_Tmr2Isr                               233E      32      50       4   NON_BANKED  
     Tmr_Tmr3Isr                               2370      56      86       7   NON_BANKED  
- VARIABLES:
     mu8TmrStartRegs                            311       6       6       1   .data       
     mTmrCallbackFuncEvent                      462      2A      42      17   .bss        
MODULE:                 -- SPI_c.obj --
- PROCEDURES:
     SPI1_Init                                 23C6      20      32       1   NON_BANKED  
     SPI1_AssertPeripheralSsPin                23E6      2B      43       6   NON_BANKED  
     SPI1_DeassertPeripheralSsPin              2411      1D      29       5   NON_BANKED  
     SPI1_WriteString                          242E      34      52       3   NON_BANKED  
     SPI1_WriteStringBlocking                  2462      35      53       2   NON_BANKED  
     SPI1_ReadString                           2497      2B      43       3   NON_BANKED  
     SPI1_ReadStringBlocking                   24C2      37      55       3   NON_BANKED  
     SPI1_WriteByte                            24F9       9       9       4   NON_BANKED  
     SPI1_WriteByteBlocking                    2502       8       8       5   NON_BANKED  
     SPI1_ReadByteBlocking                     250A       A      10       1   NON_BANKED  
     SPI1_Isr                                  2514      5F      95       1   NON_BANKED  
- VARIABLES:
     mpu8SPI1Ptr                                48C       2       2       8   .bss        
     mu8SPI1Counter                             48E       1       1       6   .bss        
     mSPI1Status                                48F       1       1      18   .bss        
     gpfSpi1CallBack                            5D4       2       2       4   .common     
MODULE:                 -- UART_c.obj --
- PROCEDURES:
     Uart_Init                                 37B0      A9     169       7   .text       
     Uart_ClearErrors                          3859      1B      27       2   .text       
     Uart_Configure                            3874      82     130       2   .text       
     Uart_GetBytesFromRxBuffer                 38F6      AD     173       2   .text       
     Uart_RegisterRxCallBack                   39A3      2C      44       2   .text       
     Uart_RegisterTxCallBack                   39CF      30      48       2   .text       
     Uart_BlockingStringTx                     39FF      33      51       2   .text       
     Uart_BlockingByteTx                       3A32      28      40       2   .text       
     Uart2_TxIsr                               2573      37      55       1   NON_BANKED  
     Uart2_RxIsr                               25AA      61      97       1   NON_BANKED  
     Uart2_ErrorIsr                            260B       1       1       1   NON_BANKED  
- VARIABLES:
     maUartStartOfModule                        317       2       2       3   .data       
     mSciModuleHwErrors                         490       1       1       2   .bss        
     mIsTxPending                               491       1       1       5   .bss        
     mUartRxBuff                                492      40      64       3   .bss        
     mUartTxBuff                                4D2      C8     200       2   .bss        
     mUartRxBufferIndx                          59A       2       2      13   .bss        
     mUartTxBufferIndx                          59C       2       2       9   .bss        
     mUartRxCbFn                                59E       2       2       5   .bss        
     mUartTxCbFn                                5A0       2       2       5   .bss        
     mUartRxCbFlags                             5A2       1       1       2   .bss        
     mUartTxNumOfFreeBytes                      5A3       1       1       2   .bss        
MODULE:                 -- PhyMC1320X_c.obj --
- PROCEDURES:
     PhyInit                                   260C      94     148       1   NON_BANKED  
     PhyPdDataRequest                          26A0      4B      75       3   NON_BANKED  
     PhyPlmeRxRequest                          26EB      11      17       3   NON_BANKED  
     PhyTimeSetEventTimeout                    26FC      2F      47       1   NON_BANKED  
     PhyTimeReadClock                          272B      4A      74       1   NON_BANKED  
     PhyPlmeCcaEdRequest                       2775      44      68       3   NON_BANKED  
     PhyPlmeSetCurrentChannelRequest           27B9      28      40       5   NON_BANKED  
     PhyPlmeSetPwrLevelRequest                 27E1      23      35       2   NON_BANKED  
     PhyPpSetPromiscuous                       2804       1       1       1   NON_BANKED  
     PhyPlmeSetClockOutRate                    2805      24      36       1   NON_BANKED  
     PhyAbort                                  2829      19      25       1   NON_BANKED  
     PhyTimeDisableEventTimeout                2842       F      15       2   NON_BANKED  
     PhyPpSetCcaThreshold                      2851      21      33       1   NON_BANKED  
     PhyAdjustCcaOffsetCmp                     2872      1D      29       1   NON_BANKED  
     PhySetRadioTimerPrescaler                 288F      23      35       1   NON_BANKED  
     PhySetTrxStateRequest                     28B2      41      65       4   NON_BANKED  
     PhyHREventsReStartSequense                28F3      16      22       2   NON_BANKED  
     PhyChangePacketEndianess                  2909      52      82       1   NON_BANKED  
     PhyRadioEvent                             295B     106     262       6   NON_BANKED  
     PhyHandlingRadioEvents                    2A61     167     359      24   NON_BANKED  
- VARIABLES:
     cu8ChannelRegisterValues                  3268      20      32       2   .rodata     
     u8PARegisterValues                        3288      10      16       1   .rodata     
     radioConfiguration                        3298      24      36       2   .rodata     
     mPhyState                                  5A4       1       1      17   .bss        
     u16HREReg                                  5A5       2       2      11   .bss        
     hREState                                   5A7       1       1       5   .bss        
     mDrvRxPacket                               5A8       2       2       3   .bss        
     mPhyRxParams                               5AA       2       2       2   .bss        
     u8DataLength.17                            5AC       1       1       5   .bss        
MODULE:                 -- Radio_c.obj --
- PROCEDURES:
     Radio_DriverInit                          2BC8      27      39       1   NON_BANKED  
     Radio_WriteRegister                       2BEF      39      57       4   NON_BANKED  
     Radio_WriteRegisterBlocking               2C28      38      56      19   NON_BANKED  
     Radio_ReadRegister                        2C60      39      57       5   NON_BANKED  
     Radio_ReadRegisterBlocking                2C99      3A      58      12   NON_BANKED  
     Radio_WriteTxBuffer                       2CD3      C9     201       2   NON_BANKED  
     Radio_ReadRxBuffer                        2D9C      73     115       1   NON_BANKED  
     RadioIRQServiceRoutine                    2E0F      17      23       1   NON_BANKED  
     RadioInitControlSignals                   2E26      18      24       1   NON_BANKED  
     RadioProcess                              2E3E      7D     125       6   NON_BANKED  
- VARIABLES:
     gu16RadioIrqStatus                         5D6       2       2       3   .common     
     mRadioDriverState                          5D8       1       1      20   .common     
     mpfRadioProcessCallback                    5D9       2       2       5   .common     
     mpfRadioEventCallback                      5DB       2       2       2   .common     
     mau8RadioDataBuffer                        5DD      80     128       3   .common     
     mpu8RadioRxPointer                         65D       2       2       3   .common     
     mau8RadioDataLength                        65F       1       1       4   .common     
     mu16WrittingRegisterValue                  660       2       2       2   .common     
     mpu16ReadingRegisterPointer                662       2       2       2   .common     
     mRadioProcessState                         664       1       1       9   .common     
MODULE:                 -- LVD_c.obj --
- PROCEDURES:
     LowVoltageDetectIsr                       2EBB      23      35       1   NON_BANKED  
- VARIABLES:
     LvwCllbk                                   5AD       2       2       1   .bss        
     LvdCllbk                                   5AF       2       2       1   .bss        
MODULE:                 -- LED_c.obj --
- PROCEDURES:
     Led_PrintValue                            3A5A      41      65       2   .text       
     Led_OffAll                                3A9B      21      33       2   .text       
- VARIABLES:
MODULE:                 -- LCD_c.obj --
- PROCEDURES:
     Lcd_Init                                  3ABC      95     149      20   .text       
     Lcd_Config                                3B51      59      89       6   .text       
     LcdWriteCmd                               3BAA      18      24       8   .text       
     LcdSetPort                                3BC2      3B      59       4   .text       
- VARIABLES:
     mLcdStatus                                 5B1       1       1       5   .bss        
     mu8LcdString                               5B2       2       2       1   .bss        
     mu8RsState                                 5B4       1       1       1   .bss        
     mu8LcdStrFlag                              5B5       1       1       1   .bss        
     mbLcdBlockingFlag                          5B6       1       1       2   .bss        
     gpfLcdCallBack                             665       2       2       2   .common     
MODULE:                 -- KBI_c.obj --
- PROCEDURES:
     Kbi_Config                                3BFD      40      64       2   .text       
     Kbi_Init                                  3C3D      2F      47       2   .text       
     Kbi_PortValue                             3C6C      2B      43       4   .text       
     KBI1_ISR                                  2EDE      21      33       1   NON_BANKED  
- VARIABLES:
     gpKbiControl                               319       4       4       1   .data       
     pKbiCallback                               5B7       4       4       4   .bss        
MODULE:                 -- IRQ_c.obj --
- PROCEDURES:
     IRQ_Init                                  3C97       9       9       4   .text       
     IRQ_Isr                                   2EFF       B      11       1   NON_BANKED  
- VARIABLES:
     IrqCallBack                                5BB       2       2       2   .bss        
MODULE:                 -- IIC_c.obj --
- PROCEDURES:
     IIC_Isr                                   2F0A      85     133       1   NON_BANKED  
     iicFinishReadWrite                        2F8F       B      11       1   NON_BANKED  
- VARIABLES:
     mIicState                                  5BD       1       1       3   .bss        
     mpu8IicTxRxPointer                         5BE       2       2       6   .bss        
     mu8IicDataCounter                          5C0       1       1       4   .bss        
     mpfIicCallback                             5C1       2       2       1   .bss        
     bIicDeviceAddressFlag                      5C3       1       1       2   .bss        
MODULE:                 -- GPIO_c.obj --
- PROCEDURES:
     Gpio_Init                                 3CA0      77     119       2   .text       
     Gpio_PortWrite                            3D17       B      11       2   .text       
     Gpio_PinSet                               3D22      1F      31      18   .text       
     Gpio_PinClear                             3D41      1F      31      30   .text       
     Gpio_PinToggle                            3D60       9       9       4   .text       
- VARIABLES:
     GpioDataHandling                          32BC      12      18       2   .rodata     
     GpioConfigPort                            32CE      1B      27       3   .rodata     
     GpioLogicConfig                           32E9       9       9       1   .rodata     
     gpGpioPortData                             31D      12      18       7   .data       
     gpGpioPullDown                             32F      12      18       1   .data       
     gGpioPortLogic                             5C4       9       9       4   .bss        
MODULE:                 -- Utilities_c.obj --
- PROCEDURES:
     Delay_ms                                  3D69      46      70       4   .text       
     Delay_us                                  3DAF      38      56       6   .text       
- VARIABLES:
MODULE:                 -- McuInit_c.obj --
- PROCEDURES:
     MCUInit                                   3DE7       B      11       2   .text       
     MCU_UseExternalClock                      3DF2       A      10       2   .text       
- VARIABLES:
MODULE:                 -- Start08_c.obj --
- PROCEDURES:
     loadByte                                  331B       E      14       5   .init       
     Init                                      3329      72     114       1   .init       
     _Startup                                  339B       B      11       0   .init       
- VARIABLES:
     _startupData                              2080       6       6       4   .startData  
- LABELS:
     __SEG_END_SSTACK                           300       0       0       1               
MODULE:                 -- mc9s08qe128_c.obj --
- PROCEDURES:
- VARIABLES:
     _PTAD                                        0       1       1       1   .abs_section_0
     _PTADD                                       1       1       1       0   .abs_section_1
     _PTBD                                        2       1       1       1   .abs_section_2
     _PTBDD                                       3       1       1       0   .abs_section_3
     _PTCD                                        4       1       1       0   .abs_section_4
     _PTCDD                                       5       1       1       0   .abs_section_5
     _PTDD                                        6       1       1       1   .abs_section_6
     _PTDDD                                       7       1       1       0   .abs_section_7
     _PTED                                        8       1       1       0   .abs_section_8
     _PTEDD                                       9       1       1       0   .abs_section_9
     _PTFD                                        A       1       1       0   .abs_section_a
     _PTFDD                                       B       1       1       0   .abs_section_b
     _KBI1SC                                      C       1       1       2   .abs_section_c
     _KBI1PE                                      D       1       1       1   .abs_section_d
     _KBI1ES                                      E       1       1       1   .abs_section_e
     _IRQSC                                       F       1       1      15   .abs_section_f
     _ADCSC1                                     10       1       1       0   .abs_section_10
     _ADCSC2                                     11       1       1       0   .abs_section_11
     _ADCCFG                                     16       1       1       0   .abs_section_16
     _APCTL1                                     17       1       1       0   .abs_section_17
     _APCTL2                                     18       1       1       0   .abs_section_18
     _APCTL3                                     19       1       1       0   .abs_section_19
     _ACMP1SC                                    1A       1       1       0   .abs_section_1a
     _ACMP2SC                                    1B       1       1       0   .abs_section_1b
     _PTGD                                       1C       1       1       0   .abs_section_1c
     _PTGDD                                      1D       1       1       0   .abs_section_1d
     _PTHD                                       1E       1       1       0   .abs_section_1e
     _PTHDD                                      1F       1       1       0   .abs_section_1f
     _SCI1C1                                     22       1       1       0   .abs_section_22
     _SCI1C2                                     23       1       1       0   .abs_section_23
     _SCI1S1                                     24       1       1       0   .abs_section_24
     _SCI1S2                                     25       1       1       0   .abs_section_25
     _SCI1C3                                     26       1       1       0   .abs_section_26
     _SCI1D                                      27       1       1       0   .abs_section_27
     _SPI1C1                                     28       1       1       5   .abs_section_28
     _SPI1C2                                     29       1       1       1   .abs_section_29
     _SPI1BR                                     2A       1       1       1   .abs_section_2a
     _SPI1S                                      2B       1       1       8   .abs_section_2b
     _SPI1D                                      2D       1       1       8   .abs_section_2d
     _PTJD                                       2E       1       1       0   .abs_section_2e
     _PTJDD                                      2F       1       1       0   .abs_section_2f
     _IIC1A                                      30       1       1       0   .abs_section_30
     _IIC1F                                      31       1       1       0   .abs_section_31
     _IIC1C1                                     32       1       1       8   .abs_section_32
     _IIC1S                                      33       1       1       2   .abs_section_33
     _IIC1D                                      34       1       1       4   .abs_section_34
     _IIC1C2                                     35       1       1       0   .abs_section_35
     _ICSC1                                      38       1       1       1   .abs_section_38
     _ICSC2                                      39       1       1       1   .abs_section_39
     _ICSTRM                                     3A       1       1       0   .abs_section_3a
     _ICSSC                                      3B       1       1       1   .abs_section_3b
     _KBI2SC                                     3C       1       1       2   .abs_section_3c
     _KBI2PE                                     3D       1       1       1   .abs_section_3d
     _KBI2ES                                     3E       1       1       1   .abs_section_3e
     _TPM1SC                                     40       1       1       2   .abs_section_40
     _TPM1C0SC                                   45       1       1       2   .abs_section_45
     _TPM1C1SC                                   48       1       1       2   .abs_section_48
     _TPM1C2SC                                   4B       1       1       2   .abs_section_4b
     _TPM2SC                                     50       1       1       2   .abs_section_50
     _TPM2C0SC                                   55       1       1       2   .abs_section_55
     _TPM2C1SC                                   58       1       1       2   .abs_section_58
     _TPM2C2SC                                   5B       1       1       2   .abs_section_5b
     _TPM3SC                                     60       1       1       2   .abs_section_60
     _TPM3C0SC                                   65       1       1       2   .abs_section_65
     _TPM3C1SC                                   68       1       1       2   .abs_section_68
     _TPM3C2SC                                   6B       1       1       2   .abs_section_6b
     _TPM3C3SC                                   6E       1       1       2   .abs_section_6e
     _TPM3C4SC                                   71       1       1       2   .abs_section_71
     _TPM3C5SC                                   74       1       1       2   .abs_section_74
     _PPAGE                                      78       1       1       0   .abs_section_78
     _LAP2                                       79       1       1       0   .abs_section_79
     _LAP1                                       7A       1       1       0   .abs_section_7a
     _LAP0                                       7B       1       1       0   .abs_section_7b
     _LWP                                        7C       1       1       0   .abs_section_7c
     _LBP                                        7D       1       1       0   .abs_section_7d
     _LB                                         7E       1       1       0   .abs_section_7e
     _LAPAB                                      7F       1       1       0   .abs_section_7f
     _SRS                                      1800       1       1       1   .abs_section_1800
     _SBDFR                                    1801       1       1       0   .abs_section_1801
     _SOPT1                                    1802       1       1       1   .abs_section_1802
     _SOPT2                                    1803       1       1       0   .abs_section_1803
     _SPMSC1                                   1808       1       1       2   .abs_section_1808
     _SPMSC2                                   1809       1       1       1   .abs_section_1809
     _SPMSC3                                   180B       1       1       2   .abs_section_180b
     _SCGC1                                    180E       1       1       0   .abs_section_180e
     _SCGC2                                    180F       1       1       0   .abs_section_180f
     _DBGCAX                                   1818       1       1       0   .abs_section_1818
     _DBGCBX                                   1819       1       1       0   .abs_section_1819
     _DBGCCX                                   181A       1       1       0   .abs_section_181a
     _DBGFX                                    181B       1       1       0   .abs_section_181b
     _DBGC                                     181C       1       1       0   .abs_section_181c
     _DBGT                                     181D       1       1       0   .abs_section_181d
     _DBGS                                     181E       1       1       0   .abs_section_181e
     _DBGCNT                                   181F       1       1       0   .abs_section_181f
     _FCDIV                                    1820       1       1       0   .abs_section_1820
     _FOPT                                     1821       1       1       0   .abs_section_1821
     _FCNFG                                    1823       1       1       0   .abs_section_1823
     _FPROT                                    1824       1       1       0   .abs_section_1824
     _FSTAT                                    1825       1       1       0   .abs_section_1825
     _FCMD                                     1826       1       1       0   .abs_section_1826
     _RTCSC                                    1830       1       1       0   .abs_section_1830
     _RTCCNT                                   1831       1       1       0   .abs_section_1831
     _RTCMOD                                   1832       1       1       0   .abs_section_1832
     _SPI2C1                                   1838       1       1       0   .abs_section_1838
     _SPI2C2                                   1839       1       1       0   .abs_section_1839
     _SPI2BR                                   183A       1       1       0   .abs_section_183a
     _SPI2S                                    183B       1       1       0   .abs_section_183b
     _SPI2D                                    183D       1       1       0   .abs_section_183d
     _PTAPE                                    1840       1       1       0   .abs_section_1840
     _PTASE                                    1841       1       1       0   .abs_section_1841
     _PTADS                                    1842       1       1       0   .abs_section_1842
     _PTBPE                                    1844       1       1       0   .abs_section_1844
     _PTBSE                                    1845       1       1       0   .abs_section_1845
     _PTBDS                                    1846       1       1       0   .abs_section_1846
     _PTCPE                                    1848       1       1       0   .abs_section_1848
     _PTCSE                                    1849       1       1       0   .abs_section_1849
     _PTCDS                                    184A       1       1       0   .abs_section_184a
     _PTDPE                                    184C       1       1       0   .abs_section_184c
     _PTDSE                                    184D       1       1       0   .abs_section_184d
     _PTDDS                                    184E       1       1       0   .abs_section_184e
     _PTEPE                                    1850       1       1       0   .abs_section_1850
     _PTESE                                    1851       1       1       0   .abs_section_1851
     _PTEDS                                    1852       1       1       0   .abs_section_1852
     _PTFPE                                    1854       1       1       0   .abs_section_1854
     _PTFSE                                    1855       1       1       0   .abs_section_1855
     _PTFDS                                    1856       1       1       0   .abs_section_1856
     _PTGPE                                    1858       1       1       0   .abs_section_1858
     _PTGSE                                    1859       1       1       0   .abs_section_1859
     _PTGDS                                    185A       1       1       0   .abs_section_185a
     _PTHPE                                    185C       1       1       0   .abs_section_185c
     _PTHSE                                    185D       1       1       0   .abs_section_185d
     _PTHDS                                    185E       1       1       0   .abs_section_185e
     _PTJPE                                    1860       1       1       0   .abs_section_1860
     _PTJSE                                    1861       1       1       0   .abs_section_1861
     _PTJDS                                    1862       1       1       0   .abs_section_1862
     _IIC2A                                    1868       1       1       0   .abs_section_1868
     _IIC2F                                    1869       1       1       0   .abs_section_1869
     _IIC2C1                                   186A       1       1       0   .abs_section_186a
     _IIC2S                                    186B       1       1       0   .abs_section_186b
     _IIC2D                                    186C       1       1       0   .abs_section_186c
     _IIC2C2                                   186D       1       1       0   .abs_section_186d
     _SCI2C1                                   1872       1       1       0   .abs_section_1872
     _SCI2C2                                   1873       1       1       1   .abs_section_1873
     _SCI2S1                                   1874       1       1       3   .abs_section_1874
     _SCI2S2                                   1875       1       1       0   .abs_section_1875
     _SCI2C3                                   1876       1       1       0   .abs_section_1876
     _SCI2D                                    1877       1       1       4   .abs_section_1877
     _PTCSET                                   1878       1       1       0   .abs_section_1878
     _PTESET                                   1879       1       1       0   .abs_section_1879
     _PTCCLR                                   187A       1       1       0   .abs_section_187a
     _PTECLR                                   187B       1       1       0   .abs_section_187b
     _PTCTOG                                   187C       1       1       0   .abs_section_187c
     _PTETOG                                   187D       1       1       0   .abs_section_187d
     _ADCR                                       12       2       2       0   .abs_section_12
     _ADCCV                                      14       2       2       0   .abs_section_14
     _SCI1BD                                     20       2       2       0   .abs_section_20
     _TPM1CNT                                    41       2       2       0   .abs_section_41
     _TPM1MOD                                    43       2       2       0   .abs_section_43
     _TPM1C0V                                    46       2       2       0   .abs_section_46
     _TPM1C1V                                    49       2       2       0   .abs_section_49
     _TPM1C2V                                    4C       2       2       0   .abs_section_4c
     _TPM2CNT                                    51       2       2       0   .abs_section_51
     _TPM2MOD                                    53       2       2       0   .abs_section_53
     _TPM2C0V                                    56       2       2       0   .abs_section_56
     _TPM2C1V                                    59       2       2       0   .abs_section_59
     _TPM2C2V                                    5C       2       2       0   .abs_section_5c
     _TPM3CNT                                    61       2       2       0   .abs_section_61
     _TPM3MOD                                    63       2       2       0   .abs_section_63
     _TPM3C0V                                    66       2       2       0   .abs_section_66
     _TPM3C1V                                    69       2       2       0   .abs_section_69
     _TPM3C2V                                    6C       2       2       0   .abs_section_6c
     _TPM3C3V                                    6F       2       2       0   .abs_section_6f
     _TPM3C4V                                    72       2       2       0   .abs_section_72
     _TPM3C5V                                    75       2       2       0   .abs_section_75
     _SDID                                     1806       2       2       0   .abs_section_1806
     _DBGCA                                    1810       2       2       0   .abs_section_1810
     _DBGCB                                    1812       2       2       0   .abs_section_1812
     _DBGCC                                    1814       2       2       0   .abs_section_1814
     _DBGF                                     1816       2       2       0   .abs_section_1816
     _SCI2BD                                   1870       2       2       0   .abs_section_1870
MODULE:                 -- vectortable_c.obj --
- PROCEDURES:
     UnimplementedISR                          2F9A       3       3       8   NON_BANKED  
- VARIABLES:
     ISR_vectors                               FFC0      3E      62       0   .abs_section_ffc0
MODULE:                 -- OTAP_c.obj --
- PROCEDURES:
     Otap_OpcMain                              3DFC       1       1       2   .text       
     Otap_OpcInit                              3DFD       1       1       2   .text       
- VARIABLES:
MODULE:                 -- main_c.obj --
- PROCEDURES:
     main                                      3DFE      22      34       2   .text       
     InitProject                               3E20      84     132       2   .text       
     UartTxCallback                            2F9D       6       6       1   NON_BANKED  
     UartRxCallback                            2FA3      1D      29       1   NON_BANKED  
     KbiCallback                               2FC0      2B      43       1   NON_BANKED  
     LCDCallback                               2FEB       1       1       1   NON_BANKED  
- VARIABLES:
     STRING........Generic.Demon.1             32F2      29      41       1   .rodata1    
     KeyPressed                                 5CD       1       1       1   .bss        
     bUartDataInFlag                            667       1       1       1   .common     
     bUartTxDone                                668       1       1       1   .common     
     UartData                                   669       1       1       1   .common     
     portNumber                                 66A       1       1       5   .common     
     uartSettings                               66B       4       4       4   .common     
     gKbiConfiguration                          66F       3       3       2   .common     
     type                                       672       1       1       2   .common     
     dest                                       673       1       1       2   .common     
MODULE:                 -- rtshc08.o (ansibim.lib) --
- PROCEDURES:
     _PUSH_ARGS_L                              2FEC      20      32       2   NON_BANKED  
     _ENTER_UNARY_L                            300C      29      41       1   NON_BANKED  
     _ENTER_BINARY_L                           3035      16      22       2   NON_BANKED  
     _ENTER_BINARY_L_RC                        304B      19      25       3   NON_BANKED  
     _LADD_k_is_k_plus_j                       3064      1F      31       2   NON_BANKED  
     _k_is_k_plus_j_l                          3083      1E      30       2   NON_BANKED  
     _k_is_k_plus_j_i                          30A1      12      18       3   NON_BANKED  
     _LMUL_k_is_k_mul_j                        30B3      81     129       1   NON_BANKED  
     _LDIVMOD                                  3134      A4     164       1   NON_BANKED  
     _LDIVU_k_is_k_div_j                       31D8      17      23       1   NON_BANKED  
     _LCMP_k_rel_j                             31EF      1F      31       1   NON_BANKED  
     _ILSL                                     320E       C      12       1   NON_BANKED  
     _LADD                                     321A       6       6       2   NON_BANKED  
     _LADD_RC                                  3220       6       6       1   NON_BANKED  
     _LMUL_RC                                  3226       6       6       1   NON_BANKED  
     _LDIVU_RC                                 322C       6       6       1   NON_BANKED  
     _LLSL                                     3232      16      22       2   NON_BANKED  
     _LCMP                                     3248       6       6       1   NON_BANKED  
     _POP32                                    324E      1A      26       3   NON_BANKED  
- VARIABLES:

*********************************************************************************************
MODULE STATISTIC
  Name                                      Data   Code  Const
---------------------------------------------------------------------------------------------
  uMac_c.obj                                 291    376      0
  SMAC_c.obj                                  21   1208      0
  Timer_c.obj                                 48    240      0
  SPI_c.obj                                    6    429      0
  UART_c.obj                                 278    835      0
  PhyMC1320X_c.obj                             9   1468     84
  Radio_c.obj                                143    755      0
  LVD_c.obj                                    4     35      0
  LED_c.obj                                    0     98      0
  LCD_c.obj                                    8    321      0
  KBI_c.obj                                    8    187      0
  IRQ_c.obj                                    2     20      0
  IIC_c.obj                                    7    144      0
  GPIO_c.obj                                  45    201     54
  Utilities_c.obj                              0    126      0
  McuInit_c.obj                                0     21      0
  Start08_c.obj                                0    139      0
  mc9s08qe128_c.obj                          207      0      0
  vectortable_c.obj                            0      3     62
  OTAP_c.obj                                   0      2      0
  main_c.obj                                  14    245     41
  rtshc08.o (ansibim.lib)                      0    636      0
  other                                      512     28     71

*********************************************************************************************
SECTION USE IN OBJECT-ALLOCATION SECTION
---------------------------------------------------------------------------------------------
SECTION: ".text"
  Init_uMac uMac_Engine InitSmac MCPSDataRequest MLMERXEnableRequest 
  MLMERXDisableRequest MLMERadioInit MLMEFEGainAdjust MLMESetChannelRequest 
  MLMEPAOutputAdjust MLMESetClockRate MLMESetTmrPrescale SmacScanTheNextChannel 
  SmacSetRxTimeout SmacFormatTxPacket Uart_Init Uart_ClearErrors Uart_Configure 
  Uart_GetBytesFromRxBuffer Uart_RegisterRxCallBack Uart_RegisterTxCallBack 
  Uart_BlockingStringTx Uart_BlockingByteTx Led_PrintValue Led_OffAll Lcd_Init 
  Lcd_Config LcdWriteCmd LcdSetPort Kbi_Config Kbi_Init Kbi_PortValue IRQ_Init 
  Gpio_Init Gpio_PortWrite Gpio_PinSet Gpio_PinClear Gpio_PinToggle Delay_ms 
  Delay_us MCUInit MCU_UseExternalClock Otap_OpcMain Otap_OpcInit main 
  InitProject 
SECTION: ".data"
  uMacbroad Channels mu8TmrStartRegs maUartStartOfModule gpKbiControl 
  gpGpioPortData gpGpioPullDown 
SECTION: ".bss"
  uMac_On i uMac_Current_State gau8RxDataBuffer gau8TxDataBuffer AppTxPacket 
  AppRxPacket uMac_RxPacket uMac_TxPacket smacTimeout smacChannelsBeingScanned 
  smacEdValue smacState smacLastDataRxParams smacCurrentChannel 
  smacScanCurrentChannel smacClearestChann pTestPacket smacProccesPacketPtr 
  mTmrCallbackFuncEvent mpu8SPI1Ptr mu8SPI1Counter mSPI1Status 
  mSciModuleHwErrors mIsTxPending mUartRxBuff mUartTxBuff mUartRxBufferIndx 
  mUartTxBufferIndx mUartRxCbFn mUartTxCbFn mUartRxCbFlags 
  mUartTxNumOfFreeBytes mPhyState u16HREReg hREState mDrvRxPacket mPhyRxParams 
  u8DataLength.17 LvwCllbk LvdCllbk mLcdStatus mu8LcdString mu8RsState 
  mu8LcdStrFlag mbLcdBlockingFlag pKbiCallback IrqCallBack mIicState 
  mpu8IicTxRxPointer mu8IicDataCounter mpfIicCallback bIicDeviceAddressFlag 
  gGpioPortLogic KeyPressed 
SECTION: ".init"
  loadByte Init _Startup 
SECTION: ".rodata"
  cu8ChannelRegisterValues u8PARegisterValues radioConfiguration 
  GpioDataHandling GpioConfigPort GpioLogicConfig 
SECTION: ".rodata1"
  STRING........Generic.Demon.1 
SECTION: "NON_BANKED"
  MLMEScanComfirm MCPSDataIndication MCPSDataComfirm MLMEResetIndication 
  MLMEWakeComfirm PhyPdDataConfirm PhyPdDataIndication PhyPlmeCcaConfirm 
  PhyPlmeEdConfirm PhyPlmeSyncLossIndication PhyPlmeResetIndication 
  PhyPlmeWakeComfirm PhyTimeRxTimeoutIndication Tmr_Init Tmr_Tmr1Isr 
  Tmr_Tmr2Isr Tmr_Tmr3Isr SPI1_Init SPI1_AssertPeripheralSsPin 
  SPI1_DeassertPeripheralSsPin SPI1_WriteString SPI1_WriteStringBlocking 
  SPI1_ReadString SPI1_ReadStringBlocking SPI1_WriteByte SPI1_WriteByteBlocking 
  SPI1_ReadByteBlocking SPI1_Isr Uart2_TxIsr Uart2_RxIsr Uart2_ErrorIsr PhyInit 
  PhyPdDataRequest PhyPlmeRxRequest PhyTimeSetEventTimeout PhyTimeReadClock 
  PhyPlmeCcaEdRequest PhyPlmeSetCurrentChannelRequest PhyPlmeSetPwrLevelRequest 
  PhyPpSetPromiscuous PhyPlmeSetClockOutRate PhyAbort 
  PhyTimeDisableEventTimeout PhyPpSetCcaThreshold PhyAdjustCcaOffsetCmp 
  PhySetRadioTimerPrescaler PhySetTrxStateRequest PhyHREventsReStartSequense 
  PhyChangePacketEndianess PhyRadioEvent PhyHandlingRadioEvents 
  Radio_DriverInit Radio_WriteRegister Radio_WriteRegisterBlocking 
  Radio_ReadRegister Radio_ReadRegisterBlocking Radio_WriteTxBuffer 
  Radio_ReadRxBuffer RadioIRQServiceRoutine RadioInitControlSignals 
  RadioProcess LowVoltageDetectIsr KBI1_ISR IRQ_Isr IIC_Isr iicFinishReadWrite 
  UnimplementedISR UartTxCallback UartRxCallback KbiCallback LCDCallback 
  _PUSH_ARGS_L _ENTER_UNARY_L _ENTER_BINARY_L _ENTER_BINARY_L_RC 
  _LADD_k_is_k_plus_j _k_is_k_plus_j_l _k_is_k_plus_j_i _LMUL_k_is_k_mul_j 
  _LDIVMOD _LDIVU_k_is_k_div_j _LCMP_k_rel_j _ILSL _LADD _LADD_RC _LMUL_RC 
  _LDIVU_RC _LLSL _LCMP _POP32 
SECTION: ".common"
  bestChannel bScanDone bTxDone bRxDone bDoTx smacFlags gpfSpi1CallBack 
  gu16RadioIrqStatus mRadioDriverState mpfRadioProcessCallback 
  mpfRadioEventCallback mau8RadioDataBuffer mpu8RadioRxPointer 
  mau8RadioDataLength mu16WrittingRegisterValue mpu16ReadingRegisterPointer 
  mRadioProcessState gpfLcdCallBack bUartDataInFlag bUartTxDone UartData 
  portNumber uartSettings gKbiConfiguration type dest 
SECTION: ".abs_section_0"
  _PTAD 
SECTION: ".abs_section_1"
  _PTADD 
SECTION: ".abs_section_2"
  _PTBD 
SECTION: ".abs_section_3"
  _PTBDD 
SECTION: ".abs_section_4"
  _PTCD 
SECTION: ".abs_section_5"
  _PTCDD 
SECTION: ".abs_section_6"
  _PTDD 
SECTION: ".abs_section_7"
  _PTDDD 
SECTION: ".abs_section_8"
  _PTED 
SECTION: ".abs_section_9"
  _PTEDD 
SECTION: ".abs_section_a"
  _PTFD 
SECTION: ".abs_section_b"
  _PTFDD 
SECTION: ".abs_section_c"
  _KBI1SC 
SECTION: ".abs_section_d"
  _KBI1PE 
SECTION: ".abs_section_e"
  _KBI1ES 
SECTION: ".abs_section_f"
  _IRQSC 
SECTION: ".abs_section_10"
  _ADCSC1 
SECTION: ".abs_section_11"
  _ADCSC2 
SECTION: ".abs_section_16"
  _ADCCFG 
SECTION: ".abs_section_17"
  _APCTL1 
SECTION: ".abs_section_18"
  _APCTL2 
SECTION: ".abs_section_19"
  _APCTL3 
SECTION: ".abs_section_1a"
  _ACMP1SC 
SECTION: ".abs_section_1b"
  _ACMP2SC 
SECTION: ".abs_section_1c"
  _PTGD 
SECTION: ".abs_section_1d"
  _PTGDD 
SECTION: ".abs_section_1e"
  _PTHD 
SECTION: ".abs_section_1f"
  _PTHDD 
SECTION: ".abs_section_22"
  _SCI1C1 
SECTION: ".abs_section_23"
  _SCI1C2 
SECTION: ".abs_section_24"
  _SCI1S1 
SECTION: ".abs_section_25"
  _SCI1S2 
SECTION: ".abs_section_26"
  _SCI1C3 
SECTION: ".abs_section_27"
  _SCI1D 
SECTION: ".abs_section_28"
  _SPI1C1 
SECTION: ".abs_section_29"
  _SPI1C2 
SECTION: ".abs_section_2a"
  _SPI1BR 
SECTION: ".abs_section_2b"
  _SPI1S 
SECTION: ".abs_section_2d"
  _SPI1D 
SECTION: ".abs_section_2e"
  _PTJD 
SECTION: ".abs_section_2f"
  _PTJDD 
SECTION: ".abs_section_30"
  _IIC1A 
SECTION: ".abs_section_31"
  _IIC1F 
SECTION: ".abs_section_32"
  _IIC1C1 
SECTION: ".abs_section_33"
  _IIC1S 
SECTION: ".abs_section_34"
  _IIC1D 
SECTION: ".abs_section_35"
  _IIC1C2 
SECTION: ".abs_section_38"
  _ICSC1 
SECTION: ".abs_section_39"
  _ICSC2 
SECTION: ".abs_section_3a"
  _ICSTRM 
SECTION: ".abs_section_3b"
  _ICSSC 
SECTION: ".abs_section_3c"
  _KBI2SC 
SECTION: ".abs_section_3d"
  _KBI2PE 
SECTION: ".abs_section_3e"
  _KBI2ES 
SECTION: ".abs_section_40"
  _TPM1SC 
SECTION: ".abs_section_45"
  _TPM1C0SC 
SECTION: ".abs_section_48"
  _TPM1C1SC 
SECTION: ".abs_section_4b"
  _TPM1C2SC 
SECTION: ".abs_section_50"
  _TPM2SC 
SECTION: ".abs_section_55"
  _TPM2C0SC 
SECTION: ".abs_section_58"
  _TPM2C1SC 
SECTION: ".abs_section_5b"
  _TPM2C2SC 
SECTION: ".abs_section_60"
  _TPM3SC 
SECTION: ".abs_section_65"
  _TPM3C0SC 
SECTION: ".abs_section_68"
  _TPM3C1SC 
SECTION: ".abs_section_6b"
  _TPM3C2SC 
SECTION: ".abs_section_6e"
  _TPM3C3SC 
SECTION: ".abs_section_71"
  _TPM3C4SC 
SECTION: ".abs_section_74"
  _TPM3C5SC 
SECTION: ".abs_section_78"
  _PPAGE 
SECTION: ".abs_section_79"
  _LAP2 
SECTION: ".abs_section_7a"
  _LAP1 
SECTION: ".abs_section_7b"
  _LAP0 
SECTION: ".abs_section_7c"
  _LWP 
SECTION: ".abs_section_7d"
  _LBP 
SECTION: ".abs_section_7e"
  _LB 
SECTION: ".abs_section_7f"
  _LAPAB 
SECTION: ".abs_section_1800"
  _SRS 
SECTION: ".abs_section_1801"
  _SBDFR 
SECTION: ".abs_section_1802"
  _SOPT1 
SECTION: ".abs_section_1803"
  _SOPT2 
SECTION: ".abs_section_1808"
  _SPMSC1 
SECTION: ".abs_section_1809"
  _SPMSC2 
SECTION: ".abs_section_180b"
  _SPMSC3 
SECTION: ".abs_section_180e"
  _SCGC1 
SECTION: ".abs_section_180f"
  _SCGC2 
SECTION: ".abs_section_1818"
  _DBGCAX 
SECTION: ".abs_section_1819"
  _DBGCBX 
SECTION: ".abs_section_181a"
  _DBGCCX 
SECTION: ".abs_section_181b"
  _DBGFX 
SECTION: ".abs_section_181c"
  _DBGC 
SECTION: ".abs_section_181d"
  _DBGT 
SECTION: ".abs_section_181e"
  _DBGS 
SECTION: ".abs_section_181f"
  _DBGCNT 
SECTION: ".abs_section_1820"
  _FCDIV 
SECTION: ".abs_section_1821"
  _FOPT 
SECTION: ".abs_section_1823"
  _FCNFG 
SECTION: ".abs_section_1824"
  _FPROT 
SECTION: ".abs_section_1825"
  _FSTAT 
SECTION: ".abs_section_1826"
  _FCMD 
SECTION: ".abs_section_1830"
  _RTCSC 
SECTION: ".abs_section_1831"
  _RTCCNT 
SECTION: ".abs_section_1832"
  _RTCMOD 
SECTION: ".abs_section_1838"
  _SPI2C1 
SECTION: ".abs_section_1839"
  _SPI2C2 
SECTION: ".abs_section_183a"
  _SPI2BR 
SECTION: ".abs_section_183b"
  _SPI2S 
SECTION: ".abs_section_183d"
  _SPI2D 
SECTION: ".abs_section_1840"
  _PTAPE 
SECTION: ".abs_section_1841"
  _PTASE 
SECTION: ".abs_section_1842"
  _PTADS 
SECTION: ".abs_section_1844"
  _PTBPE 
SECTION: ".abs_section_1845"
  _PTBSE 
SECTION: ".abs_section_1846"
  _PTBDS 
SECTION: ".abs_section_1848"
  _PTCPE 
SECTION: ".abs_section_1849"
  _PTCSE 
SECTION: ".abs_section_184a"
  _PTCDS 
SECTION: ".abs_section_184c"
  _PTDPE 
SECTION: ".abs_section_184d"
  _PTDSE 
SECTION: ".abs_section_184e"
  _PTDDS 
SECTION: ".abs_section_1850"
  _PTEPE 
SECTION: ".abs_section_1851"
  _PTESE 
SECTION: ".abs_section_1852"
  _PTEDS 
SECTION: ".abs_section_1854"
  _PTFPE 
SECTION: ".abs_section_1855"
  _PTFSE 
SECTION: ".abs_section_1856"
  _PTFDS 
SECTION: ".abs_section_1858"
  _PTGPE 
SECTION: ".abs_section_1859"
  _PTGSE 
SECTION: ".abs_section_185a"
  _PTGDS 
SECTION: ".abs_section_185c"
  _PTHPE 
SECTION: ".abs_section_185d"
  _PTHSE 
SECTION: ".abs_section_185e"
  _PTHDS 
SECTION: ".abs_section_1860"
  _PTJPE 
SECTION: ".abs_section_1861"
  _PTJSE 
SECTION: ".abs_section_1862"
  _PTJDS 
SECTION: ".abs_section_1868"
  _IIC2A 
SECTION: ".abs_section_1869"
  _IIC2F 
SECTION: ".abs_section_186a"
  _IIC2C1 
SECTION: ".abs_section_186b"
  _IIC2S 
SECTION: ".abs_section_186c"
  _IIC2D 
SECTION: ".abs_section_186d"
  _IIC2C2 
SECTION: ".abs_section_1872"
  _SCI2C1 
SECTION: ".abs_section_1873"
  _SCI2C2 
SECTION: ".abs_section_1874"
  _SCI2S1 
SECTION: ".abs_section_1875"
  _SCI2S2 
SECTION: ".abs_section_1876"
  _SCI2C3 
SECTION: ".abs_section_1877"
  _SCI2D 
SECTION: ".abs_section_1878"
  _PTCSET 
SECTION: ".abs_section_1879"
  _PTESET 
SECTION: ".abs_section_187a"
  _PTCCLR 
SECTION: ".abs_section_187b"
  _PTECLR 
SECTION: ".abs_section_187c"
  _PTCTOG 
SECTION: ".abs_section_187d"
  _PTETOG 
SECTION: ".abs_section_12"
  _ADCR 
SECTION: ".abs_section_14"
  _ADCCV 
SECTION: ".abs_section_20"
  _SCI1BD 
SECTION: ".abs_section_41"
  _TPM1CNT 
SECTION: ".abs_section_43"
  _TPM1MOD 
SECTION: ".abs_section_46"
  _TPM1C0V 
SECTION: ".abs_section_49"
  _TPM1C1V 
SECTION: ".abs_section_4c"
  _TPM1C2V 
SECTION: ".abs_section_51"
  _TPM2CNT 
SECTION: ".abs_section_53"
  _TPM2MOD 
SECTION: ".abs_section_56"
  _TPM2C0V 
SECTION: ".abs_section_59"
  _TPM2C1V 
SECTION: ".abs_section_5c"
  _TPM2C2V 
SECTION: ".abs_section_61"
  _TPM3CNT 
SECTION: ".abs_section_63"
  _TPM3MOD 
SECTION: ".abs_section_66"
  _TPM3C0V 
SECTION: ".abs_section_69"
  _TPM3C1V 
SECTION: ".abs_section_6c"
  _TPM3C2V 
SECTION: ".abs_section_6f"
  _TPM3C3V 
SECTION: ".abs_section_72"
  _TPM3C4V 
SECTION: ".abs_section_75"
  _TPM3C5V 
SECTION: ".abs_section_1806"
  _SDID 
SECTION: ".abs_section_1810"
  _DBGCA 
SECTION: ".abs_section_1812"
  _DBGCB 
SECTION: ".abs_section_1814"
  _DBGCC 
SECTION: ".abs_section_1816"
  _DBGF 
SECTION: ".abs_section_1870"
  _SCI2BD 
SECTION: ".abs_section_ffc0"
  ISR_vectors 

*********************************************************************************************
OBJECT LIST SORTED BY ADDRESS
     Name                                      Addr   hSize   dSize     Ref    Section   RLIB
---------------------------------------------------------------------------------------------
     _PTAD                                        0       1       1       1   .abs_section_0
     _PTADD                                       1       1       1       0   .abs_section_1
     _PTBD                                        2       1       1       1   .abs_section_2
     _PTBDD                                       3       1       1       0   .abs_section_3
     _PTCD                                        4       1       1       0   .abs_section_4
     _PTCDD                                       5       1       1       0   .abs_section_5
     _PTDD                                        6       1       1       1   .abs_section_6
     _PTDDD                                       7       1       1       0   .abs_section_7
     _PTED                                        8       1       1       0   .abs_section_8
     _PTEDD                                       9       1       1       0   .abs_section_9
     _PTFD                                        A       1       1       0   .abs_section_a
     _PTFDD                                       B       1       1       0   .abs_section_b
     _KBI1SC                                      C       1       1       2   .abs_section_c
     _KBI1PE                                      D       1       1       1   .abs_section_d
     _KBI1ES                                      E       1       1       1   .abs_section_e
     _IRQSC                                       F       1       1      15   .abs_section_f
     _ADCSC1                                     10       1       1       0   .abs_section_10
     _ADCSC2                                     11       1       1       0   .abs_section_11
     _ADCR                                       12       2       2       0   .abs_section_12
     _ADCCV                                      14       2       2       0   .abs_section_14
     _ADCCFG                                     16       1       1       0   .abs_section_16
     _APCTL1                                     17       1       1       0   .abs_section_17
     _APCTL2                                     18       1       1       0   .abs_section_18
     _APCTL3                                     19       1       1       0   .abs_section_19
     _ACMP1SC                                    1A       1       1       0   .abs_section_1a
     _ACMP2SC                                    1B       1       1       0   .abs_section_1b
     _PTGD                                       1C       1       1       0   .abs_section_1c
     _PTGDD                                      1D       1       1       0   .abs_section_1d
     _PTHD                                       1E       1       1       0   .abs_section_1e
     _PTHDD                                      1F       1       1       0   .abs_section_1f
     _SCI1BD                                     20       2       2       0   .abs_section_20
     _SCI1C1                                     22       1       1       0   .abs_section_22
     _SCI1C2                                     23       1       1       0   .abs_section_23
     _SCI1S1                                     24       1       1       0   .abs_section_24
     _SCI1S2                                     25       1       1       0   .abs_section_25
     _SCI1C3                                     26       1       1       0   .abs_section_26
     _SCI1D                                      27       1       1       0   .abs_section_27
     _SPI1C1                                     28       1       1       5   .abs_section_28
     _SPI1C2                                     29       1       1       1   .abs_section_29
     _SPI1BR                                     2A       1       1       1   .abs_section_2a
     _SPI1S                                      2B       1       1       8   .abs_section_2b
     _SPI1D                                      2D       1       1       8   .abs_section_2d
     _PTJD                                       2E       1       1       0   .abs_section_2e
     _PTJDD                                      2F       1       1       0   .abs_section_2f
     _IIC1A                                      30       1       1       0   .abs_section_30
     _IIC1F                                      31       1       1       0   .abs_section_31
     _IIC1C1                                     32       1       1       8   .abs_section_32
     _IIC1S                                      33       1       1       2   .abs_section_33
     _IIC1D                                      34       1       1       4   .abs_section_34
     _IIC1C2                                     35       1       1       0   .abs_section_35
     _ICSC1                                      38       1       1       1   .abs_section_38
     _ICSC2                                      39       1       1       1   .abs_section_39
     _ICSTRM                                     3A       1       1       0   .abs_section_3a
     _ICSSC                                      3B       1       1       1   .abs_section_3b
     _KBI2SC                                     3C       1       1       2   .abs_section_3c
     _KBI2PE                                     3D       1       1       1   .abs_section_3d
     _KBI2ES                                     3E       1       1       1   .abs_section_3e
     _TPM1SC                                     40       1       1       2   .abs_section_40
     _TPM1CNT                                    41       2       2       0   .abs_section_41
     _TPM1MOD                                    43       2       2       0   .abs_section_43
     _TPM1C0SC                                   45       1       1       2   .abs_section_45
     _TPM1C0V                                    46       2       2       0   .abs_section_46
     _TPM1C1SC                                   48       1       1       2   .abs_section_48
     _TPM1C1V                                    49       2       2       0   .abs_section_49
     _TPM1C2SC                                   4B       1       1       2   .abs_section_4b
     _TPM1C2V                                    4C       2       2       0   .abs_section_4c
     _TPM2SC                                     50       1       1       2   .abs_section_50
     _TPM2CNT                                    51       2       2       0   .abs_section_51
     _TPM2MOD                                    53       2       2       0   .abs_section_53
     _TPM2C0SC                                   55       1       1       2   .abs_section_55
[...]
Kbi_Config                USES gpKbiControl 
Kbi_Init                  USES pKbiCallback Kbi_Config 
Kbi_PortValue             USES _PTBD _PTAD _KBI1ES _KBI1PE _KBI2ES _PTDD 
                                _KBI2PE 
IRQ_Init                  USES _IRQSC IrqCallBack 
Gpio_Init                 USES gpGpioPortData GpioDataHandling gpGpioPullDown 
                                GpioConfigPort GpioLogicConfig gGpioPortLogic 
Gpio_PortWrite            USES gGpioPortLogic gpGpioPortData 
Gpio_PinSet               USES gGpioPortLogic gpGpioPortData 
Gpio_PinClear             USES gGpioPortLogic gpGpioPortData 
Gpio_PinToggle            USES gpGpioPortData 
Delay_ms                  USES _LMUL_RC _LCMP 
Delay_us                  USES _LLSL _LDIVU_RC 
MCUInit                   USES _SOPT1 _SPMSC2 
MCU_UseExternalClock      USES _ICSC1 _ICSC2 _ICSSC 
main                      USES MCUInit InitProject Init_uMac 
                                STRING........Generic.Demon.1 Uart_BlockingStringTx Otap_OpcMain uMac_Engine 
                                _SRS 
InitProject               USES Gpio_Init portNumber uartSettings Uart_Init 
                                Uart_Configure UartRxCallback Uart_RegisterRxCallBack 
                                UartTxCallback Uart_RegisterTxCallBack Tmr_Init 
                                gKbiConfiguration KbiCallback Kbi_Init SPI1_Init IRQ_Init 
                                LCDCallback Lcd_Init Lcd_Config Otap_OpcInit 
ISR_vectors               USES Tmr_Tmr3Isr UnimplementedISR Uart2_TxIsr 
                                Uart2_RxIsr Uart2_ErrorIsr KBI1_ISR IIC_Isr SPI1_Isr 
                                Tmr_Tmr2Isr Tmr_Tmr1Isr LowVoltageDetectIsr IRQ_Isr 

*********************************************************************************************
DEPENDENCY TREE
*********************************************************************************************
 main and _Startup Group
 | 
 +- main                
 |  | 
 |  +- MCUInit             
 |  |    
 |  +- InitProject         
 |  |  | 
 |  |  +- Gpio_Init           
 |  |  |    
 |  |  +- Uart_Init           
 |  |  |  | 
 |  |  |  +- Uart_ClearErrors    
 |  |  |       
 |  |  +- Uart_Configure      
 |  |  |    
 |  |  +- UartRxCallback      
 |  |  |  | 
 |  |  |  +- Uart_GetBytesFromRxBuffer
 |  |  |       
 |  |  +- Uart_RegisterRxCallBack
 |  |  |    
 |  |  +- UartTxCallback      
 |  |  |    
 |  |  +- Uart_RegisterTxCallBack
 |  |  |    
 |  |  +- Tmr_Init            
 |  |  |    
 |  |  +- KbiCallback         
 |  |  |    
 |  |  +- Kbi_Init            
 |  |  |  | 
 |  |  |  +- Kbi_Config          
 |  |  |       
 |  |  +- SPI1_Init           
 |  |  |  | 
 |  |  |  +- Gpio_PinClear       
 |  |  |       
 |  |  +- IRQ_Init            
 |  |  |    
 |  |  +- LCDCallback         
 |  |  |    
 |  |  +- Lcd_Init            
 |  |  |  | 
 |  |  |  +- Delay_ms            
 |  |  |  |  | 
 |  |  |  |  +- _LMUL_RC            
 |  |  |  |  |  | 
 |  |  |  |  |  +- _ENTER_BINARY_L_RC  
 |  |  |  |  |  |  | 
 |  |  |  |  |  |  +- _PUSH_ARGS_L        
 |  |  |  |  |  |       
 |  |  |  |  |  +- _LMUL_k_is_k_mul_j  
 |  |  |  |  |     | 
 |  |  |  |  |     +- _k_is_k_plus_j_l    
 |  |  |  |  |     |    
 |  |  |  |  |     +- _k_is_k_plus_j_i    
 |  |  |  |  |          
 |  |  |  |  +- _LCMP               
 |  |  |  |     | 
 |  |  |  |     +- _ENTER_BINARY_L     
 |  |  |  |     |  | 
 |  |  |  |     |  +- _PUSH_ARGS_L         (see above)
 |  |  |  |     |     
 |  |  |  |     +- _LCMP_k_rel_j       
 |  |  |  |          
 |  |  |  +- Gpio_PinClear        (see above)
 |  |  |  |  
 |  |  |  +- LcdWriteCmd         
 |  |  |  |  | 
 |  |  |  |  +- LcdSetPort          
 |  |  |  |     | 
 |  |  |  |     +- Gpio_PinToggle      
 |  |  |  |     |    
 |  |  |  |     +- Gpio_PinSet         
 |  |  |  |     |    
 |  |  |  |     +- Gpio_PinClear        (see above)
 |  |  |  |     |  
 |  |  |  |     +- Delay_us            
 |  |  |  |     |  | 
 |  |  |  |     |  +- _LLSL               
 |  |  |  |     |  |  | 
 |  |  |  |     |  |  +- _ENTER_UNARY_L      
 |  |  |  |     |  |       
 |  |  |  |     |  +- _LDIVU_RC           
 |  |  |  |     |     | 
 |  |  |  |     |     +- _ENTER_BINARY_L_RC   (see above)
 |  |  |  |     |     |  
 |  |  |  |     |     +- _LDIVU_k_is_k_div_j 
 |  |  |  |     |        | 
 |  |  |  |     |        +- _LDIVMOD            
 |  |  |  |     |             
 |  |  |  |     +- Gpio_PortWrite      
 |  |  |  |          
 |  |  |  +- Delay_us             (see above)
 |  |  |     
 |  |  +- Lcd_Config          
 |  |  |  | 
 |  |  |  +- LcdWriteCmd          (see above)
 |  |  |  |  
 |  |  |  +- Delay_us             (see above)
 |  |  |     
 |  |  +- Otap_OpcInit        
 |  |       
 |  +- Init_uMac           
 |  |  | 
 |  |  +- InitSmac            
 |  |     | 
 |  |     +- MLMERadioInit       
 |  |     |  | 
 |  |     |  +- PhyInit             
 |  |     |  |  | 
 |  |     |  |  +- PhyRadioEvent       
 |  |     |  |  |  | 
 |  |     |  |  |  +- Gpio_PinClear        (see above)
 |  |     |  |  |  |  
 |  |     |  |  |  +- PhyHandlingRadioEvents (recursive dependency)
 |  |     |  |  |  |  | 
 |  |     |  |  |  |  +- Radio_ReadRegister  
 |  |     |  |  |  |  |  | 
 |  |     |  |  |  |  |  +- RadioProcess        
 |  |     |  |  |  |  |  |  | 
 |  |     |  |  |  |  |  |  +- SPI1_WriteString    
 |  |     |  |  |  |  |  |  |    
 |  |     |  |  |  |  |  |  +- SPI1_ReadString     
 |  |     |  |  |  |  |  |  |    
 |  |     |  |  |  |  |  |  +- SPI1_DeassertPeripheralSsPin
 |  |     |  |  |  |  |  |     | 
 |  |     |  |  |  |  |  |     +- Gpio_PinClear        (see above)
 |  |     |  |  |  |  |  |        
 |  |     |  |  |  |  |  +- SPI1_AssertPeripheralSsPin
 |  |     |  |  |  |  |  |  | 
 |  |     |  |  |  |  |  |  +- Gpio_PinSet          (see above)
 |  |     |  |  |  |  |  |     
 |  |     |  |  |  |  |  +- SPI1_WriteByte      
 |  |     |  |  |  |  |     | 
 |  |     |  |  |  |  |     +- SPI1_WriteString     (see above)
 |  |     |  |  |  |  |        
 |  |     |  |  |  |  +- PhyPlmeWakeComfirm  
 |  |     |  |  |  |  |  | 
 |  |     |  |  |  |  |  +- MLMEWakeComfirm     
 |  |     |  |  |  |  |       
 |  |     |  |  |  |  +- PhyPlmeResetIndication
 |  |     |  |  |  |  |  | 
 |  |     |  |  |  |  |  +- MLMEResetIndication 
 |  |     |  |  |  |  |       
 |  |     |  |  |  |  +- PhyTimeRxTimeoutIndication
 |  |     |  |  |  |  |  | 
 |  |     |  |  |  |  |  +- MCPSDataIndication  
 |  |     |  |  |  |  |       
 |  |     |  |  |  |  +- PhyPlmeEdConfirm    
 |  |     |  |  |  |  |  | 
 |  |     |  |  |  |  |  +- SmacScanTheNextChannel
 |  |     |  |  |  |  |  |  | 
 |  |     |  |  |  |  |  |  +- _ILSL               
 |  |     |  |  |  |  |  |  |    
 |  |     |  |  |  |  |  |  +- PhyPlmeSetCurrentChannelRequest
 |  |     |  |  |  |  |  |  |  | 
 |  |     |  |  |  |  |  |  |  +- Radio_WriteRegisterBlocking
 |  |     |  |  |  |  |  |  |     | 
 |  |     |  |  |  |  |  |  |     +- RadioProcess         (see above)
 |  |     |  |  |  |  |  |  |     |  
 |  |     |  |  |  |  |  |  |     +- SPI1_AssertPeripheralSsPin (see above)
 |  |     |  |  |  |  |  |  |     |  
 |  |     |  |  |  |  |  |  |     +- SPI1_WriteByteBlocking
 |  |     |  |  |  |  |  |  |     |    
 |  |     |  |  |  |  |  |  |     +- SPI1_WriteStringBlocking
 |  |     |  |  |  |  |  |  |     |  | 
 |  |     |  |  |  |  |  |  |     |  +- SPI1_WriteByteBlocking (see above)
 |  |     |  |  |  |  |  |  |     |     
 |  |     |  |  |  |  |  |  |     +- SPI1_DeassertPeripheralSsPin (see above)
 |  |     |  |  |  |  |  |  |        
 |  |     |  |  |  |  |  |  +- PhyPlmeCcaEdRequest 
 |  |     |  |  |  |  |  |     | 
 |  |     |  |  |  |  |  |     +- Radio_ReadRegisterBlocking
 |  |     |  |  |  |  |  |     |  | 
 |  |     |  |  |  |  |  |     |  +- RadioProcess         (see above)
 |  |     |  |  |  |  |  |     |  |  
 |  |     |  |  |  |  |  |     |  +- SPI1_AssertPeripheralSsPin (see above)
 |  |     |  |  |  |  |  |     |  |  
 |  |     |  |  |  |  |  |     |  +- SPI1_WriteByteBlocking (see above)
 |  |     |  |  |  |  |  |     |  |  
 |  |     |  |  |  |  |  |     |  +- SPI1_ReadStringBlocking
 |  |     |  |  |  |  |  |     |  |  | 
 |  |     |  |  |  |  |  |     |  |  +- SPI1_ReadByteBlocking
 |  |     |  |  |  |  |  |     |  |       
 |  |     |  |  |  |  |  |     |  +- SPI1_DeassertPeripheralSsPin (see above)
 |  |     |  |  |  |  |  |     |     
 |  |     |  |  |  |  |  |     +- Radio_WriteRegisterBlocking (see above)
 |  |     |  |  |  |  |  |     |  
 |  |     |  |  |  |  |  |     +- PhySetTrxStateRequest
 |  |     |  |  |  |  |  |        | 
 |  |     |  |  |  |  |  |        +- Gpio_PinClear        (see above)
 |  |     |  |  |  |  |  |        |  
 |  |     |  |  |  |  |  |        +- Radio_ReadRegisterBlocking (see above)
 |  |     |  |  |  |  |  |        |  
 |  |     |  |  |  |  |  |        +- Radio_WriteRegisterBlocking (see above)
 |  |     |  |  |  |  |  |        |  
 |  |     |  |  |  |  |  |        +- Gpio_PinSet          (see above)
 |  |     |  |  |  |  |  |           
 |  |     |  |  |  |  |  +- MLMEScanComfirm     
 |  |     |  |  |  |  |  |    
 |  |     |  |  |  |  |  +- PhyPlmeSetCurrentChannelRequest (see above)
 |  |     |  |  |  |  |     
 |  |     |  |  |  |  +- Gpio_PinSet          (see above)
 |  |     |  |  |  |  |  
 |  |     |  |  |  |  +- PhyHREventsReStartSequense (recursive dependency)
 |  |     |  |  |  |  |  | 
 |  |     |  |  |  |  |  +- PhyHandlingRadioEvents (see above) (recursive dependency)
 |  |     |  |  |  |  |  |  
 |  |     |  |  |  |  |  +- Radio_ReadRegister   (see above)
 |  |     |  |  |  |  |     
 |  |     |  |  |  |  +- Radio_ReadRxBuffer  
 |  |     |  |  |  |  |  | 
 |  |     |  |  |  |  |  +- RadioProcess         (see above)
 |  |     |  |  |  |  |  |  
 |  |     |  |  |  |  |  +- SPI1_AssertPeripheralSsPin (see above)
 |  |     |  |  |  |  |  |  
 |  |     |  |  |  |  |  +- SPI1_WriteByte       (see above)
 |  |     |  |  |  |  |  |  
 |  |     |  |  |  |  |  +- SPI1_WriteByteBlocking (see above)
 |  |     |  |  |  |  |  |  
 |  |     |  |  |  |  |  +- SPI1_ReadStringBlocking (see above)
 |  |     |  |  |  |  |  |  
 |  |     |  |  |  |  |  +- SPI1_DeassertPeripheralSsPin (see above)
 |  |     |  |  |  |  |     
 |  |     |  |  |  |  +- PhyChangePacketEndianess
 |  |     |  |  |  |  |    
 |  |     |  |  |  |  +- PhyPdDataIndication 
 |  |     |  |  |  |  |  | 
 |  |     |  |  |  |  |  +- PhyPlmeRxRequest    
 |  |     |  |  |  |  |  |  | 
 |  |     |  |  |  |  |  |  +- PhySetTrxStateRequest (see above)
 |  |     |  |  |  |  |  |     
 |  |     |  |  |  |  |  +- SmacSetRxTimeout    
 |  |     |  |  |  |  |  |  | 
 |  |     |  |  |  |  |  |  +- PhyTimeReadClock    
 |  |     |  |  |  |  |  |  |  | 
 |  |     |  |  |  |  |  |  |  +- Radio_ReadRegisterBlocking (see above)
 |  |     |  |  |  |  |  |  |  |  
 |  |     |  |  |  |  |  |  |  +- _LLSL                (see above)
 |  |     |  |  |  |  |  |  |  |  
 |  |     |  |  |  |  |  |  |  +- _POP32              
 |  |     |  |  |  |  |  |  |  |    
 |  |     |  |  |  |  |  |  |  +- _LADD               
 |  |     |  |  |  |  |  |  |     | 
 |  |     |  |  |  |  |  |  |     +- _ENTER_BINARY_L      (see above)
 |  |     |  |  |  |  |  |  |     |  
 |  |     |  |  |  |  |  |  |     +- _LADD_k_is_k_plus_j 
 |  |     |  |  |  |  |  |  |          
 |  |     |  |  |  |  |  |  +- _LADD_RC            
 |  |     |  |  |  |  |  |  |  | 
 |  |     |  |  |  |  |  |  |  +- _ENTER_BINARY_L_RC   (see above)
 |  |     |  |  |  |  |  |  |  |  
 |  |     |  |  |  |  |  |  |  +- _LADD_k_is_k_plus_j  (see above)
 |  |     |  |  |  |  |  |  |     
 |  |     |  |  |  |  |  |  +- _LADD                (see above)
 |  |     |  |  |  |  |  |  |  
 |  |     |  |  |  |  |  |  +- _POP32               (see above)
 |  |     |  |  |  |  |  |  |  
 |  |     |  |  |  |  |  |  +- PhyTimeSetEventTimeout
 |  |     |  |  |  |  |  |     | 
 |  |     |  |  |  |  |  |     +- Radio_WriteRegisterBlocking (see above)
 |  |     |  |  |  |  |  |        
 |  |     |  |  |  |  |  +- PhyTimeDisableEventTimeout
 |  |     |  |  |  |  |  |  | 
 |  |     |  |  |  |  |  |  +- Radio_WriteRegisterBlocking (see above)
 |  |     |  |  |  |  |  |     
 |  |     |  |  |  |  |  +- MCPSDataIndication   (see above)
 |  |     |  |  |  |  |     
 |  |     |  |  |  |  +- Radio_WriteRegister 
 |  |     |  |  |  |     | 
 |  |     |  |  |  |     +- RadioProcess         (see above)
 |  |     |  |  |  |     |  
 |  |     |  |  |  |     +- SPI1_AssertPeripheralSsPin (see above)
 |  |     |  |  |  |     |  
 |  |     |  |  |  |     +- SPI1_WriteByte       (see above)
 |  |     |  |  |  |        
 |  |     |  |  |  +- Radio_ReadRegister   (see above)
 |  |     |  |  |  |  
 |  |     |  |  |  +- PhyPlmeSyncLossIndication
 |  |     |  |  |  |  | 
 |  |     |  |  |  |  +- PhyPlmeRxRequest     (see above)
 |  |     |  |  |  |  |  
 |  |     |  |  |  |  +- PhyTimeDisableEventTimeout (see above)
 |  |     |  |  |  |  |  
 |  |     |  |  |  |  +- MCPSDataIndication   (see above)
 |  |     |  |  |  |  |  
 |  |     |  |  |  |  +- PhyPdDataRequest    
 |  |     |  |  |  |  |  | 
 |  |     |  |  |  |  |  +- Radio_ReadRegisterBlocking (see above)
 |  |     |  |  |  |  |  |  
 |  |     |  |  |  |  |  +- Radio_WriteRegisterBlocking (see above)
 |  |     |  |  |  |  |  |  
 |  |     |  |  |  |  |  +- Radio_WriteTxBuffer 
 |  |     |  |  |  |  |  |  | 
 |  |     |  |  |  |  |  |  +- RadioProcess         (see above)
 |  |     |  |  |  |  |  |  |  
 |  |     |  |  |  |  |  |  +- SPI1_AssertPeripheralSsPin (see above)
 |  |     |  |  |  |  |  |  |  
 |  |     |  |  |  |  |  |  +- SPI1_WriteByte       (see above)
 |  |     |  |  |  |  |  |  |  
 |  |     |  |  |  |  |  |  +- SPI1_WriteByteBlocking (see above)
 |  |     |  |  |  |  |  |  |  
 |  |     |  |  |  |  |  |  +- SPI1_WriteStringBlocking (see above)
 |  |     |  |  |  |  |  |  |  
 |  |     |  |  |  |  |  |  +- SPI1_DeassertPeripheralSsPin (see above)
 |  |     |  |  |  |  |  |     
 |  |     |  |  |  |  |  +- PhySetTrxStateRequest (see above)
 |  |     |  |  |  |  |     
 |  |     |  |  |  |  +- SmacScanTheNextChannel (see above)
 |  |     |  |  |  |  |  
 |  |     |  |  |  |  +- PhyPlmeCcaEdRequest  (see above)
 |  |     |  |  |  |     
 |  |     |  |  |  +- PhyPdDataConfirm    
 |  |     |  |  |  |  | 
 |  |     |  |  |  |  +- MCPSDataComfirm     
 |  |     |  |  |  |  |    
 |  |     |  |  |  |  +- PhyPdDataRequest     (see above)
 |  |     |  |  |  |     
 |  |     |  |  |  +- PhyPlmeCcaConfirm   
 |  |     |  |  |  |  | 
 |  |     |  |  |  |  +- SmacScanTheNextChannel (see above)
 |  |     |  |  |  |  |  
 |  |     |  |  |  |  +- PhyPlmeSetCurrentChannelRequest (see above)
 |  |     |  |  |  |  |  
 |  |     |  |  |  |  +- MLMEScanComfirm      (see above)
 |  |     |  |  |  |     
 |  |     |  |  |  +- PhyHREventsReStartSequense (see above) (recursive dependency)
 |  |     |  |  |  |  
 |  |     |  |  |  +- Radio_WriteRegister  (see above)
 |  |     |  |  |     
 |  |     |  |  +- Radio_DriverInit    
 |  |     |  |  |  | 
 |  |     |  |  |  +- RadioIRQServiceRoutine
 |  |     |  |  |  |  | 
 |  |     |  |  |  |  +- Radio_ReadRegister   (see above)
 |  |     |  |  |  |     
 |  |     |  |  |  +- IRQ_Init             (see above)
 |  |     |  |  |  |  
 |  |     |  |  |  +- RadioInitControlSignals
 |  |     |  |  |     | 
 |  |     |  |  |     +- Gpio_PinClear        (see above)
 |  |     |  |  |     |  
 |  |     |  |  |     +- Gpio_PinSet          (see above)
 |  |     |  |  |        
 |  |     |  |  +- Gpio_PinClear        (see above)
 |  |     |  |  |  
 |  |     |  |  +- Radio_ReadRegisterBlocking (see above)
 |  |     |  |  |  
 |  |     |  |  +- Radio_WriteRegisterBlocking (see above)
 |  |     |  |     
 |  |     |  +- PhyPlmeSetCurrentChannelRequest (see above)
 |  |     |  |  
 |  |     |  +- PhyPlmeSetPwrLevelRequest
 |  |     |  |  | 
 |  |     |  |  +- Radio_ReadRegisterBlocking (see above)
 |  |     |  |  |  
 |  |     |  |  +- Radio_WriteRegisterBlocking (see above)
 |  |     |  |     
 |  |     |  +- PhyPpSetCcaThreshold
 |  |     |  |  | 
 |  |     |  |  +- Radio_ReadRegisterBlocking (see above)
 |  |     |  |  |  
 |  |     |  |  +- Radio_WriteRegisterBlocking (see above)
 |  |     |  |     
 |  |     |  +- PhyPpSetPromiscuous 
 |  |     |       
 |  |     +- MLMESetClockRate    
 |  |     |  | 
 |  |     |  +- PhyPlmeSetClockOutRate
 |  |     |     | 
 |  |     |     +- Radio_ReadRegisterBlocking (see above)
 |  |     |     |  
 |  |     |     +- Radio_WriteRegisterBlocking (see above)
 |  |     |        
 |  |     +- MCU_UseExternalClock
 |  |     |    
 |  |     +- MLMESetTmrPrescale  
 |  |     |  | 
 |  |     |  +- PhySetRadioTimerPrescaler
 |  |     |     | 
 |  |     |     +- Radio_ReadRegisterBlocking (see above)
 |  |     |     |  
 |  |     |     +- Radio_WriteRegisterBlocking (see above)
 |  |     |        
 |  |     +- MLMESetChannelRequest
 |  |     |  | 
 |  |     |  +- PhyPlmeSetCurrentChannelRequest (see above)
 |  |     |     
 |  |     +- MLMEPAOutputAdjust  
 |  |     |  | 
 |  |     |  +- PhyPlmeSetPwrLevelRequest (see above)
 |  |     |     
 |  |     +- MLMEFEGainAdjust    
 |  |        | 
 |  |        +- PhyAdjustCcaOffsetCmp
 |  |           | 
 |  |           +- Radio_ReadRegisterBlocking (see above)
 |  |           |  
 |  |           +- Radio_WriteRegisterBlocking (see above)
 |  |              
 |  +- Uart_BlockingStringTx
 |  |  | 
 |  |  +- Uart_BlockingByteTx 
 |  |       
 |  +- Otap_OpcMain        
 |  |    
 |  +- uMac_Engine         
 |     | 
 |     +- MLMESetChannelRequest (see above)
 |     |  
 |     +- MCPSDataRequest     
 |     |  | 
 |     |  +- SmacFormatTxPacket  
 |     |  |    
 |     |  +- PhyPdDataRequest     (see above)
 |     |     
 |     +- MLMERXEnableRequest 
 |     |  | 
 |     |  +- PhyPlmeRxRequest     (see above)
 |     |  |  
 |     |  +- SmacSetRxTimeout     (see above)
 |     |     
 |     +- Led_PrintValue      
 |     |  | 
 |     |  +- Led_OffAll          
 |     |  |  | 
 |     |  |  +- Gpio_PinClear        (see above)
 |     |  |     
 |     |  +- Gpio_PinSet          (see above)
 |     |     
 |     +- MLMERXDisableRequest
 |        | 
 |        +- PhyAbort            
 |           | 
 |           +- Radio_WriteRegisterBlocking (see above)
 |           |  
 |           +- PhySetTrxStateRequest (see above)
 |              
 +- _Startup            
    | 
    +- Init                
    |  | 
    |  +- loadByte            
    |       
    +- main                 (see above)
       
 ISR_vectors         
 | 
 +- Tmr_Tmr3Isr         
 |    
 +- UnimplementedISR    
 |    
 +- Uart2_TxIsr         
 |    
 +- Uart2_RxIsr         
 |    
 +- Uart2_ErrorIsr      
 |    
 +- KBI1_ISR            
 |  | 
 |  +- Kbi_PortValue       
 |       
 +- IIC_Isr             
 |  | 
 |  +- iicFinishReadWrite  
 |       
 +- SPI1_Isr            
 |    
 +- Tmr_Tmr2Isr         
 |    
 +- Tmr_Tmr1Isr         
 |    
 +- LowVoltageDetectIsr 
 |    
 +- IRQ_Isr             
      
*********************************************************************************************
STATISTIC SECTION
---------------------------------------------------------------------------------------------

ExeFile:
--------
Number of blocks to be downloaded: 8
Total size of all blocks to be downloaded: 7829

