*********************************************************************************************
*********************************************************************************************
LINKING FAILED
The linking process failed in some stage.
Depending on the phase the linker failed, part of the information contained in this map file may be inaccurate or wrong.
If the linking failed before the allocation phase finished, then the addresses might be inaccurate.
Also summary information like the code size is likely to be misleading.
---------------------------------------------------------------------------------------------
---------------------------------------------------------------------------------------------

PROGRAM "Generic Demo.abs"

*********************************************************************************************
TARGET SECTION
---------------------------------------------------------------------------------------------
Processor   : Freescale HC08
Memory Model: BANKED
File Format : ELF (no debug info)
Linker      : SmartLinker V-5.0.48 Build 11346, Dec 13 2011

*********************************************************************************************
FILE SECTION
---------------------------------------------------------------------------------------------
uMac_c.obj                              Model: BANKED,        Lang: ANSI-C
SMAC_c.obj                              Model: BANKED,        Lang: ANSI-C
Timer_c.obj                             Model: BANKED,        Lang: ANSI-C
SPI_c.obj                               Model: BANKED,        Lang: ANSI-C
UART_c.obj                              Model: BANKED,        Lang: ANSI-C
PhyMC1320X_c.obj                        Model: BANKED,        Lang: ANSI-C
Radio_c.obj                             Model: BANKED,        Lang: ANSI-C
LVD_c.obj                               Model: BANKED,        Lang: ANSI-C
LED_c.obj                               Model: BANKED,        Lang: ANSI-C
LCD_c.obj                               Model: BANKED,        Lang: ANSI-C
KBI_c.obj                               Model: BANKED,        Lang: ANSI-C
IRQ_c.obj                               Model: BANKED,        Lang: ANSI-C
IIC_c.obj                               Model: BANKED,        Lang: ANSI-C
GPIO_c.obj                              Model: BANKED,        Lang: ANSI-C
Utilities_c.obj                         Model: BANKED,        Lang: ANSI-C
McuInit_c.obj                           Model: BANKED,        Lang: ANSI-C
Start08_c.obj                           Model: BANKED,        Lang: ANSI-C
mc9s08qe128_c.obj                       Model: BANKED,        Lang: ANSI-C
vectortable_c.obj                       Model: BANKED,        Lang: ANSI-C
OTAP_c.obj                              Model: BANKED,        Lang: ANSI-C
main_c.obj                              Model: BANKED,        Lang: ANSI-C
rtshc08.o (ansibim.lib)                 Model: BANKED,        Lang: ANSI-C

*********************************************************************************************
STARTUP SECTION
---------------------------------------------------------------------------------------------

*********************************************************************************************
SECTION-ALLOCATION SECTION
Section Name                    Size  Type     From       To       Segment
---------------------------------------------------------------------------------------------
.abs_section_0                     1   N/I        0x0        0x0   .absSeg0
.abs_section_1                     1   N/I        0x1        0x1   .absSeg1
.abs_section_2                     1   N/I        0x2        0x2   .absSeg2
.abs_section_3                     1   N/I        0x3        0x3   .absSeg3
.abs_section_4                     1   N/I        0x4        0x4   .absSeg4
.abs_section_5                     1   N/I        0x5        0x5   .absSeg5
.abs_section_6                     1   N/I        0x6        0x6   .absSeg6
.abs_section_7                     1   N/I        0x7        0x7   .absSeg7
.abs_section_8                     1   N/I        0x8        0x8   .absSeg8
.abs_section_9                     1   N/I        0x9        0x9   .absSeg9
.abs_section_a                     1   N/I        0xA        0xA   .absSeg10
.abs_section_b                     1   N/I        0xB        0xB   .absSeg11
.abs_section_c                     1   N/I        0xC        0xC   .absSeg12
.abs_section_d                     1   N/I        0xD        0xD   .absSeg13
.abs_section_e                     1   N/I        0xE        0xE   .absSeg14
.abs_section_f                     1   N/I        0xF        0xF   .absSeg15
.abs_section_10                    1   N/I       0x10       0x10   .absSeg16
.abs_section_11                    1   N/I       0x11       0x11   .absSeg17
.abs_section_16                    1   N/I       0x16       0x16   .absSeg18
.abs_section_17                    1   N/I       0x17       0x17   .absSeg19
.abs_section_18                    1   N/I       0x18       0x18   .absSeg20
.abs_section_19                    1   N/I       0x19       0x19   .absSeg21
.abs_section_1a                    1   N/I       0x1A       0x1A   .absSeg22
.abs_section_1b                    1   N/I       0x1B       0x1B   .absSeg23
.abs_section_1c                    1   N/I       0x1C       0x1C   .absSeg24
.abs_section_1d                    1   N/I       0x1D       0x1D   .absSeg25
.abs_section_1e                    1   N/I       0x1E       0x1E   .absSeg26
.abs_section_1f                    1   N/I       0x1F       0x1F   .absSeg27
.abs_section_22                    1   N/I       0x22       0x22   .absSeg28
.abs_section_23                    1   N/I       0x23       0x23   .absSeg29
.abs_section_24                    1   N/I       0x24       0x24   .absSeg30
.abs_section_25                    1   N/I       0x25       0x25   .absSeg31
.abs_section_26                    1   N/I       0x26       0x26   .absSeg32
.abs_section_27                    1   N/I       0x27       0x27   .absSeg33
.abs_section_28                    1   N/I       0x28       0x28   .absSeg34
.abs_section_29                    1   N/I       0x29       0x29   .absSeg35
.abs_section_2a                    1   N/I       0x2A       0x2A   .absSeg36
.abs_section_2b                    1   N/I       0x2B       0x2B   .absSeg37
.abs_section_2d                    1   N/I       0x2D       0x2D   .absSeg38
.abs_section_2e                    1   N/I       0x2E       0x2E   .absSeg39
.abs_section_2f                    1   N/I       0x2F       0x2F   .absSeg40
.abs_section_30                    1   N/I       0x30       0x30   .absSeg41
.abs_section_31                    1   N/I       0x31       0x31   .absSeg42
.abs_section_32                    1   N/I       0x32       0x32   .absSeg43
.abs_section_33                    1   N/I       0x33       0x33   .absSeg44
.abs_section_34                    1   N/I       0x34       0x34   .absSeg45
.abs_section_35                    1   N/I       0x35       0x35   .absSeg46
.abs_section_38                    1   N/I       0x38       0x38   .absSeg47
.abs_section_39                    1   N/I       0x39       0x39   .absSeg48
.abs_section_3a                    1   N/I       0x3A       0x3A   .absSeg49
.abs_section_3b                    1   N/I       0x3B       0x3B   .absSeg50
.abs_section_3c                    1   N/I       0x3C       0x3C   .absSeg51
.abs_section_3d                    1   N/I       0x3D       0x3D   .absSeg52
.abs_section_3e                    1   N/I       0x3E       0x3E   .absSeg53
.abs_section_40                    1   N/I       0x40       0x40   .absSeg54
.abs_section_45                    1   N/I       0x45       0x45   .absSeg55
.abs_section_48                    1   N/I       0x48       0x48   .absSeg56
.abs_section_4b                    1   N/I       0x4B       0x4B   .absSeg57
.abs_section_50                    1   N/I       0x50       0x50   .absSeg58
.abs_section_55                    1   N/I       0x55       0x55   .absSeg59
.abs_section_58                    1   N/I       0x58       0x58   .absSeg60
.abs_section_5b                    1   N/I       0x5B       0x5B   .absSeg61
.abs_section_60                    1   N/I       0x60       0x60   .absSeg62
.abs_section_65                    1   N/I       0x65       0x65   .absSeg63
.abs_section_68                    1   N/I       0x68       0x68   .absSeg64
.abs_section_6b                    1   N/I       0x6B       0x6B   .absSeg65
.abs_section_6e                    1   N/I       0x6E       0x6E   .absSeg66
.abs_section_71                    1   N/I       0x71       0x71   .absSeg67
.abs_section_74                    1   N/I       0x74       0x74   .absSeg68
.abs_section_78                    1   N/I       0x78       0x78   .absSeg69
.abs_section_79                    1   N/I       0x79       0x79   .absSeg70
.abs_section_7a                    1   N/I       0x7A       0x7A   .absSeg71
.abs_section_7b                    1   N/I       0x7B       0x7B   .absSeg72
.abs_section_7c                    1   N/I       0x7C       0x7C   .absSeg73
.abs_section_7d                    1   N/I       0x7D       0x7D   .absSeg74
.abs_section_7e                    1   N/I       0x7E       0x7E   .absSeg75
.abs_section_7f                    1   N/I       0x7F       0x7F   .absSeg76
.abs_section_1800                  1   N/I     0x1800     0x1800   .absSeg77
.abs_section_1801                  1   N/I     0x1801     0x1801   .absSeg78
.abs_section_1802                  1   N/I     0x1802     0x1802   .absSeg79
.abs_section_1803                  1   N/I     0x1803     0x1803   .absSeg80
.abs_section_1808                  1   N/I     0x1808     0x1808   .absSeg81
.abs_section_1809                  1   N/I     0x1809     0x1809   .absSeg82
.abs_section_180b                  1   N/I     0x180B     0x180B   .absSeg83
.abs_section_180e                  1   N/I     0x180E     0x180E   .absSeg84
.abs_section_180f                  1   N/I     0x180F     0x180F   .absSeg85
.abs_section_1818                  1   N/I     0x1818     0x1818   .absSeg86
.abs_section_1819                  1   N/I     0x1819     0x1819   .absSeg87
.abs_section_181a                  1   N/I     0x181A     0x181A   .absSeg88
.abs_section_181b                  1   N/I     0x181B     0x181B   .absSeg89
.abs_section_181c                  1   N/I     0x181C     0x181C   .absSeg90
.abs_section_181d                  1   N/I     0x181D     0x181D   .absSeg91
.abs_section_181e                  1   N/I     0x181E     0x181E   .absSeg92
.abs_section_181f                  1   N/I     0x181F     0x181F   .absSeg93
.abs_section_1820                  1   N/I     0x1820     0x1820   .absSeg94
.abs_section_1821                  1   N/I     0x1821     0x1821   .absSeg95
.abs_section_1823                  1   N/I     0x1823     0x1823   .absSeg96
.abs_section_1824                  1   N/I     0x1824     0x1824   .absSeg97
.abs_section_1825                  1   N/I     0x1825     0x1825   .absSeg98
.abs_section_1826                  1   N/I     0x1826     0x1826   .absSeg99
.abs_section_1830                  1   N/I     0x1830     0x1830   .absSeg100
.abs_section_1831                  1   N/I     0x1831     0x1831   .absSeg101
.abs_section_1832                  1   N/I     0x1832     0x1832   .absSeg102
.abs_section_1838                  1   N/I     0x1838     0x1838   .absSeg103
.abs_section_1839                  1   N/I     0x1839     0x1839   .absSeg104
.abs_section_183a                  1   N/I     0x183A     0x183A   .absSeg105
.abs_section_183b                  1   N/I     0x183B     0x183B   .absSeg106
.abs_section_183d                  1   N/I     0x183D     0x183D   .absSeg107
.abs_section_1840                  1   N/I     0x1840     0x1840   .absSeg108
.abs_section_1841                  1   N/I     0x1841     0x1841   .absSeg109
.abs_section_1842                  1   N/I     0x1842     0x1842   .absSeg110
.abs_section_1844                  1   N/I     0x1844     0x1844   .absSeg111
.abs_section_1845                  1   N/I     0x1845     0x1845   .absSeg112
.abs_section_1846                  1   N/I     0x1846     0x1846   .absSeg113
.abs_section_1848                  1   N/I     0x1848     0x1848   .absSeg114
.abs_section_1849                  1   N/I     0x1849     0x1849   .absSeg115
.abs_section_184a                  1   N/I     0x184A     0x184A   .absSeg116
.abs_section_184c                  1   N/I     0x184C     0x184C   .absSeg117
.abs_section_184d                  1   N/I     0x184D     0x184D   .absSeg118
.abs_section_184e                  1   N/I     0x184E     0x184E   .absSeg119
.abs_section_1850                  1   N/I     0x1850     0x1850   .absSeg120
.abs_section_1851                  1   N/I     0x1851     0x1851   .absSeg121
.abs_section_1852                  1   N/I     0x1852     0x1852   .absSeg122
.abs_section_1854                  1   N/I     0x1854     0x1854   .absSeg123
.abs_section_1855                  1   N/I     0x1855     0x1855   .absSeg124
.abs_section_1856                  1   N/I     0x1856     0x1856   .absSeg125
.abs_section_1858                  1   N/I     0x1858     0x1858   .absSeg126
.abs_section_1859                  1   N/I     0x1859     0x1859   .absSeg127
.abs_section_185a                  1   N/I     0x185A     0x185A   .absSeg128
.abs_section_185c                  1   N/I     0x185C     0x185C   .absSeg129
.abs_section_185d                  1   N/I     0x185D     0x185D   .absSeg130
.abs_section_185e                  1   N/I     0x185E     0x185E   .absSeg131
.abs_section_1860                  1   N/I     0x1860     0x1860   .absSeg132
.abs_section_1861                  1   N/I     0x1861     0x1861   .absSeg133
.abs_section_1862                  1   N/I     0x1862     0x1862   .absSeg134
.abs_section_1868                  1   N/I     0x1868     0x1868   .absSeg135
.abs_section_1869                  1   N/I     0x1869     0x1869   .absSeg136
.abs_section_186a                  1   N/I     0x186A     0x186A   .absSeg137
.abs_section_186b                  1   N/I     0x186B     0x186B   .absSeg138
.abs_section_186c                  1   N/I     0x186C     0x186C   .absSeg139
.abs_section_186d                  1   N/I     0x186D     0x186D   .absSeg140
.abs_section_1872                  1   N/I     0x1872     0x1872   .absSeg141
.abs_section_1873                  1   N/I     0x1873     0x1873   .absSeg142
.abs_section_1874                  1   N/I     0x1874     0x1874   .absSeg143
.abs_section_1875                  1   N/I     0x1875     0x1875   .absSeg144
.abs_section_1876                  1   N/I     0x1876     0x1876   .absSeg145
.abs_section_1877                  1   N/I     0x1877     0x1877   .absSeg146
.abs_section_1878                  1   N/I     0x1878     0x1878   .absSeg147
.abs_section_1879                  1   N/I     0x1879     0x1879   .absSeg148
.abs_section_187a                  1   N/I     0x187A     0x187A   .absSeg149
.abs_section_187b                  1   N/I     0x187B     0x187B   .absSeg150
.abs_section_187c                  1   N/I     0x187C     0x187C   .absSeg151
.abs_section_187d                  1   N/I     0x187D     0x187D   .absSeg152
.abs_section_12                    2   N/I       0x12       0x13   .absSeg153
.abs_section_14                    2   N/I       0x14       0x15   .absSeg154
.abs_section_20                    2   N/I       0x20       0x21   .absSeg155
.abs_section_41                    2   N/I       0x41       0x42   .absSeg156
.abs_section_43                    2   N/I       0x43       0x44   .absSeg157
.abs_section_46                    2   N/I       0x46       0x47   .absSeg158
.abs_section_49                    2   N/I       0x49       0x4A   .absSeg159
.abs_section_4c                    2   N/I       0x4C       0x4D   .absSeg160
.abs_section_51                    2   N/I       0x51       0x52   .absSeg161
.abs_section_53                    2   N/I       0x53       0x54   .absSeg162
.abs_section_56                    2   N/I       0x56       0x57   .absSeg163
.abs_section_59                    2   N/I       0x59       0x5A   .absSeg164
.abs_section_5c                    2   N/I       0x5C       0x5D   .absSeg165
.abs_section_61                    2   N/I       0x61       0x62   .absSeg166
.abs_section_63                    2   N/I       0x63       0x64   .absSeg167
.abs_section_66                    2   N/I       0x66       0x67   .absSeg168
.abs_section_69                    2   N/I       0x69       0x6A   .absSeg169
.abs_section_6c                    2   N/I       0x6C       0x6D   .absSeg170
.abs_section_6f                    2   N/I       0x6F       0x70   .absSeg171
.abs_section_72                    2   N/I       0x72       0x73   .absSeg172
.abs_section_75                    2   N/I       0x75       0x76   .absSeg173
.abs_section_1806                  2   N/I     0x1806     0x1807   .absSeg174
.abs_section_1810                  2   N/I     0x1810     0x1811   .absSeg175
.abs_section_1812                  2   N/I     0x1812     0x1813   .absSeg176
.abs_section_1814                  2   N/I     0x1814     0x1815   .absSeg177
.abs_section_1816                  2   N/I     0x1816     0x1817   .absSeg178
.abs_section_1870                  2   N/I     0x1870     0x1871   .absSeg179
.abs_section_ffc0                 62     R     0xFFC0     0xFFFD   .absSeg180

Summary of section sizes per section type:
READ_ONLY (R):          3E (dec:       62)
NO_INIT (N/I):          CF (dec:      207)

*********************************************************************************************
VECTOR-ALLOCATION SECTION
    Address     InitValue   InitFunction
---------------------------------------------------------------------------------------------

*********************************************************************************************
OBJECT-ALLOCATION SECTION
     Name               Module                 Addr   hSize   dSize     Ref    Section   RLIB
---------------------------------------------------------------------------------------------
MODULE:                 -- uMac_c.obj --
- PROCEDURES:
     Init_uMac                                    0'Error      1E      30       0   .text       
     SetTimer                                     0'Error      49      73       0   .text       
     uMac_Engine                                  0'Error     179     377       0   .text       
     InitSmac                                     0'Error      3B      59       0   .text       
     MCPSDataIndication                           0'Error       6       6       0   NON_BANKED  
     MCPSDataComfirm                              0'Error       6       6       0   NON_BANKED  
     TimerCallBack1                               0'Error       9       9       0   NON_BANKED  
     TimerCallBack2                               0'Error       9       9       0   NON_BANKED  
     MLMEResetIndication                          0'Error       1       1       0   NON_BANKED  
     MLMEWakeComfirm                              0'Error       1       1       0   NON_BANKED  
- VARIABLES:
     uMacbroad                                    0'Error       1       1       0   .data       
     Channels                                     0'Error      10      16       0   .data       
     uMac_On                                      0'Error       1       1       0   .bss        
     bTimerFlag1                                  0'Error       1       1       0   .bss        
     bTimerFlag2                                  0'Error       1       1       0   .bss        
     ui                                           0'Error       1       1       0   .bss        
     send_attempts                                0'Error       1       1       0   .bss        
     uMac_Current_State                           0'Error       1       1       0   .bss        
     gau8RxDataBuffer                             0'Error      82     130       0   .bss        
     gau8TxDataBuffer                             0'Error      80     128       0   .bss        
     AppTxPacket                                  0'Error       2       2       0   .bss        
     AppRxPacket                                  0'Error       2       2       0   .bss        
     uMac_RxPacket                                0'Error       2       2       0   .bss        
     uMac_TxPacket                                0'Error       2       2       0   .bss        
     bTxDone                                      0'Error       1       1       0   .common     
     bRxDone                                      0'Error       1       1       0   .common     
     bDoTx                                        0'Error       1       1       0   .common     
     timerConfig                                  0'Error       5       5       0   .common     
MODULE:                 -- SMAC_c.obj --
- PROCEDURES:
     MCPSDataRequest                              0'Error      4B      75       0   .text       
     MLMERXEnableRequest                          0'Error      9A     154       0   .text       
     MLMERXDisableRequest                         0'Error      22      34       0   .text       
     MLMERadioInit                                0'Error      61      97       0   .text       
     MLMEEnergyDetect                             0'Error      2A      42       0   .text       
     MLMEFEGainAdjust                             0'Error       D      13       0   .text       
     MLMESetChannelRequest                        0'Error      38      56       0   .text       
     MLMEPAOutputAdjust                           0'Error      2C      44       0   .text       
     MLMESetClockRate                             0'Error       4       4       0   .text       
     MLMESetTmrPrescale                           0'Error      1C      28       0   .text       
     SmacScanTheNextChannel                       0'Error      60      96       0   .text       
     SmacSetRxTimeout                             0'Error      27      39       0   .text       
     SmacFormatTxPacket                           0'Error      29      41       0   .text       
     PhyPdDataConfirm                             0'Error      5F      95       0   NON_BANKED  
     PhyPdDataIndication                          0'Error      81     129       0   NON_BANKED  
     PhyPlmeCcaConfirm                            0'Error      4A      74       0   NON_BANKED  
     PhyPlmeEdConfirm                             0'Error      6A     106       0   NON_BANKED  
     PhyPlmeSyncLossIndication                    0'Error      63      99       0   NON_BANKED  
     PhyPlmeResetIndication                       0'Error       3       3       0   NON_BANKED  
     PhyPlmeWakeComfirm                           0'Error       3       3       0   NON_BANKED  
     PhyTimeRxTimeoutIndication                   0'Error      12      18       0   NON_BANKED  
- VARIABLES:
     smacTimeout                                  0'Error       4       4       0   .bss        
     smacChannelsBeingScanned                     0'Error       2       2       0   .bss        
     smacEdValue                                  0'Error       1       1       0   .bss        
     smacState                                    0'Error       1       1       0   .bss        
     smacLastDataRxParams                         0'Error       5       5       0   .bss        
     smacCurrentChannel                           0'Error       1       1       0   .bss        
     smacScanCurrentChannel                       0'Error       1       1       0   .bss        
     smacClearestChann                            0'Error       1       1       0   .bss        
     pTestPacket                                  0'Error       2       2       0   .bss        
     smacProccesPacketPtr                         0'Error       2       2       0   .bss        
     smacFlags                                    0'Error       1       1       0   .common     
MODULE:                 -- Timer_c.obj --
- PROCEDURES:
     Tmr_Init                                     0'Error      36      54       0   NON_BANKED  
     Tmr_SetChannelConfig                         0'Error      B7     183       0   NON_BANKED  
     Tmr_SetCallbackFunc                          0'Error      2F      47       0   NON_BANKED  
     Tmr_SetClkConfig                             0'Error      29      41       0   NON_BANKED  
     Tmr_Disable                                  0'Error      11      17       0   NON_BANKED  
     Tmr_Enable                                   0'Error      28      40       0   NON_BANKED  
     Tmr_Tmr1Isr                                  0'Error      32      50       0   NON_BANKED  
     Tmr_Tmr2Isr                                  0'Error      32      50       0   NON_BANKED  
     Tmr_Tmr3Isr                                  0'Error      56      86       0   NON_BANKED  
- VARIABLES:
     mu8TmrMaxChannel                             0'Error       3       3       0   .rodata     
     mu8TmrStartRegs                              0'Error       6       6       0   .data       
     mu8TmrChannStatCntlReg                       0'Error      24      36       0   .data       
     mu8TmrChannValueHighReg                      0'Error      24      36       0   .data       
     mu8TmrChannValueLowReg                       0'Error      24      36       0   .data       
     mTmrCallbackFuncEvent                        0'Error      2A      42       0   .bss        
MODULE:                 -- SPI_c.obj --
- PROCEDURES:
     SPI1_Init                                    0'Error      20      32       0   NON_BANKED  
     SPI1_AssertPeripheralSsPin                   0'Error      2B      43       0   NON_BANKED  
     SPI1_DeassertPeripheralSsPin                 0'Error      1D      29       0   NON_BANKED  
     SPI1_WriteString                             0'Error      34      52       0   NON_BANKED  
     SPI1_WriteStringBlocking                     0'Error      35      53       0   NON_BANKED  
     SPI1_ReadString                              0'Error      2B      43       0   NON_BANKED  
     SPI1_ReadStringBlocking                      0'Error      37      55       0   NON_BANKED  
     SPI1_WriteByte                               0'Error       9       9       0   NON_BANKED  
     SPI1_WriteByteBlocking                       0'Error       8       8       0   NON_BANKED  
     SPI1_ReadByteBlocking                        0'Error       A      10       0   NON_BANKED  
     SPI1_Isr                                     0'Error      5F      95       0   NON_BANKED  
- VARIABLES:
     mpu8SPI1Ptr                                  0'Error       2       2       0   .bss        
     mu8SPI1Counter                               0'Error       1       1       0   .bss        
     mSPI1Status                                  0'Error       1       1       0   .bss        
     gpfSpi1CallBack                              0'Error       2       2       0   .common     
MODULE:                 -- UART_c.obj --
- PROCEDURES:
     Uart_Init                                    0'Error      A9     169       0   .text       
     Uart_ClearErrors                             0'Error      1B      27       0   .text       
     Uart_Configure                               0'Error      82     130       0   .text       
     Uart_GetBytesFromRxBuffer                    0'Error      AD     173       0   .text       
     Uart_RegisterRxCallBack                      0'Error      2C      44       0   .text       
     Uart_RegisterTxCallBack                      0'Error      30      48       0   .text       
     Uart_BlockingStringTx                        0'Error      33      51       0   .text       
     Uart_BlockingByteTx                          0'Error      28      40       0   .text       
     Uart2_TxIsr                                  0'Error      37      55       0   NON_BANKED  
     Uart2_RxIsr                                  0'Error      61      97       0   NON_BANKED  
     Uart2_ErrorIsr                               0'Error       1       1       0   NON_BANKED  
- VARIABLES:
     maUartStartOfModule                          0'Error       2       2       0   .data       
     mSciModuleHwErrors                           0'Error       1       1       0   .bss        
     mIsTxPending                                 0'Error       1       1       0   .bss        
     mUartRxBuff                                  0'Error      40      64       0   .bss        
     mUartTxBuff                                  0'Error      C8     200       0   .bss        
     mUartRxBufferIndx                            0'Error       2       2       0   .bss        
     mUartTxBufferIndx                            0'Error       2       2       0   .bss        
     mUartRxCbFn                                  0'Error       2       2       0   .bss        
     mUartTxCbFn                                  0'Error       2       2       0   .bss        
     mUartRxCbFlags                               0'Error       1       1       0   .bss        
     mUartTxNumOfFreeBytes                        0'Error       1       1       0   .bss        
MODULE:                 -- PhyMC1320X_c.obj --
- PROCEDURES:
     PhyInit                                      0'Error      94     148       0   NON_BANKED  
     PhyPdDataRequest                             0'Error      4B      75       0   NON_BANKED  
     PhyPlmeRxRequest                             0'Error      11      17       0   NON_BANKED  
     PhyTimeSetEventTimeout                       0'Error      2F      47       0   NON_BANKED  
     PhyTimeReadClock                             0'Error      4A      74       0   NON_BANKED  
     PhyPlmeCcaEdRequest                          0'Error      44      68       0   NON_BANKED  
     PhyPlmeSetCurrentChannelRequest              0'Error      28      40       0   NON_BANKED  
     PhyPlmeSetPwrLevelRequest                    0'Error      23      35       0   NON_BANKED  
     PhyPpSetPromiscuous                          0'Error       1       1       0   NON_BANKED  
     PhyPlmeSetClockOutRate                       0'Error      24      36       0   NON_BANKED  
     PhyAbort                                     0'Error      19      25       0   NON_BANKED  
     PhyTimeDisableEventTimeout                   0'Error       F      15       0   NON_BANKED  
     PhyPpSetCcaThreshold                         0'Error      21      33       0   NON_BANKED  
     PhyAdjustCcaOffsetCmp                        0'Error      1D      29       0   NON_BANKED  
     PhySetRadioTimerPrescaler                    0'Error      23      35       0   NON_BANKED  
     PhySetTrxStateRequest                        0'Error      41      65       0   NON_BANKED  
     PhyHREventsReStartSequense                   0'Error      16      22       0   NON_BANKED  
     PhyChangePacketEndianess                     0'Error      52      82       0   NON_BANKED  
     PhyRadioEvent                                0'Error     106     262       0   NON_BANKED  
     PhyHandlingRadioEvents                       0'Error     167     359       0   NON_BANKED  
- VARIABLES:
     cu8ChannelRegisterValues                     0'Error      20      32       0   .rodata     
     u8PARegisterValues                           0'Error      10      16       0   .rodata     
     radioConfiguration                           0'Error      24      36       0   .rodata     
     mPhyState                                    0'Error       1       1       0   .bss        
     u16HREReg                                    0'Error       2       2       0   .bss        
     hREState                                     0'Error       1       1       0   .bss        
     mDrvRxPacket                                 0'Error       2       2       0   .bss        
     mPhyRxParams                                 0'Error       2       2       0   .bss        
     u8DataLength.17                              0'Error       1       1       0   .bss        
MODULE:                 -- Radio_c.obj --
- PROCEDURES:
     Radio_DriverInit                             0'Error      27      39       0   NON_BANKED  
     Radio_WriteRegister                          0'Error      39      57       0   NON_BANKED  
     Radio_WriteRegisterBlocking                  0'Error      38      56       0   NON_BANKED  
     Radio_ReadRegister                           0'Error      39      57       0   NON_BANKED  
     Radio_ReadRegisterBlocking                   0'Error      3A      58       0   NON_BANKED  
     Radio_WriteTxBuffer                          0'Error      C9     201       0   NON_BANKED  
     Radio_ReadRxBuffer                           0'Error      73     115       0   NON_BANKED  
     RadioIRQServiceRoutine                       0'Error      17      23       0   NON_BANKED  
     RadioInitControlSignals                      0'Error      18      24       0   NON_BANKED  
     RadioProcess                                 0'Error      7D     125       0   NON_BANKED  
- VARIABLES:
     gu16RadioIrqStatus                           0'Error       2       2       0   .common     
     mRadioDriverState                            0'Error       1       1       0   .common     
     mpfRadioProcessCallback                      0'Error       2       2       0   .common     
     mpfRadioEventCallback                        0'Error       2       2       0   .common     
     mau8RadioDataBuffer                          0'Error      80     128       0   .common     
     mpu8RadioRxPointer                           0'Error       2       2       0   .common     
     mau8RadioDataLength                          0'Error       1       1       0   .common     
     mu16WrittingRegisterValue                    0'Error       2       2       0   .common     
     mpu16ReadingRegisterPointer                  0'Error       2       2       0   .common     
     mRadioProcessState                           0'Error       1       1       0   .common     
MODULE:                 -- LVD_c.obj --
- PROCEDURES:
     LowVoltageDetectIsr                          0'Error      23      35       0   NON_BANKED  
- VARIABLES:
     LvwCllbk                                     0'Error       2       2       0   .bss        
     LvdCllbk                                     0'Error       2       2       0   .bss        
MODULE:                 -- LED_c.obj --
- PROCEDURES:
     Led_PrintValue                               0'Error      41      65       0   .text       
     Led_OffAll                                   0'Error      21      33       0   .text       
- VARIABLES:
MODULE:                 -- LCD_c.obj --
- PROCEDURES:
     Lcd_Init                                     0'Error      95     149       0   .text       
     Lcd_Config                                   0'Error      59      89       0   .text       
     LcdWriteCmd                                  0'Error      18      24       0   .text       
     LcdSetPort                                   0'Error      3B      59       0   .text       
- VARIABLES:
     mLcdStatus                                   0'Error       1       1       0   .bss        
     mu8LcdString                                 0'Error       2       2       0   .bss        
     mu8RsState                                   0'Error       1       1       0   .bss        
     mu8LcdStrFlag                                0'Error       1       1       0   .bss        
     mbLcdBlockingFlag                            0'Error       1       1       0   .bss        
     gpfLcdCallBack                               0'Error       2       2       0   .common     
MODULE:                 -- KBI_c.obj --
- PROCEDURES:
     Kbi_Config                                   0'Error      40      64       0   .text       
     Kbi_Init                                     0'Error      2F      47       0   .text       
     Kbi_PortValue                                0'Error      2B      43       0   .text       
     KBI1_ISR                                     0'Error      21      33       0   NON_BANKED  
- VARIABLES:
     gpKbiControl                                 0'Error       4       4       0   .data       
     pKbiCallback                                 0'Error       4       4       0   .bss        
MODULE:                 -- IRQ_c.obj --
- PROCEDURES:
     IRQ_Init                                     0'Error       9       9       0   .text       
     IRQ_Isr                                      0'Error       B      11       0   NON_BANKED  
- VARIABLES:
     IrqCallBack                                  0'Error       2       2       0   .bss        
MODULE:                 -- IIC_c.obj --
- PROCEDURES:
     IIC_Isr                                      0'Error      85     133       0   NON_BANKED  
     iicFinishReadWrite                           0'Error       B      11       0   NON_BANKED  
- VARIABLES:
     mIicState                                    0'Error       1       1       0   .bss        
     mpu8IicTxRxPointer                           0'Error       2       2       0   .bss        
     mu8IicDataCounter                            0'Error       1       1       0   .bss        
     mpfIicCallback                               0'Error       2       2       0   .bss        
     bIicDeviceAddressFlag                        0'Error       1       1       0   .bss        
MODULE:                 -- GPIO_c.obj --
- PROCEDURES:
     Gpio_Init                                    0'Error      77     119       0   .text       
     Gpio_PortWrite                               0'Error       B      11       0   .text       
     Gpio_PinSet                                  0'Error      1F      31       0   .text       
     Gpio_PinClear                                0'Error      1F      31       0   .text       
     Gpio_PinToggle                               0'Error       9       9       0   .text       
- VARIABLES:
     GpioDataHandling                             0'Error      12      18       0   .rodata     
     GpioConfigPort                               0'Error      1B      27       0   .rodata     
     GpioLogicConfig                              0'Error       9       9       0   .rodata     
     gpGpioPortData                               0'Error      12      18       0   .data       
     gpGpioPullDown                               0'Error      12      18       0   .data       
     gGpioPortLogic                               0'Error       9       9       0   .bss        
MODULE:                 -- Utilities_c.obj --
- PROCEDURES:
     Delay_ms                                     0'Error      46      70       0   .text       
     Delay_us                                     0'Error      38      56       0   .text       
- VARIABLES:
MODULE:                 -- McuInit_c.obj --
- PROCEDURES:
     MCUInit                                      0'Error       B      11       0   .text       
     MCU_UseExternalClock                         0'Error       A      10       0   .text       
- VARIABLES:
MODULE:                 -- Start08_c.obj --
- PROCEDURES:
     loadByte                                     0'Error       E      14       0   NON_BANKED  
     Init                                         0'Error      72     114       0   NON_BANKED  
     _Startup                                     0'Error       B      11       0   NON_BANKED  
- VARIABLES:
     _startupData                                 0'Error       6       6       0   _STARTUP    
- LABELS:
     __SEG_END_SSTACK                             0'Error       0       0       0               
MODULE:                 -- mc9s08qe128_c.obj --
- PROCEDURES:
- VARIABLES:
     _PTAD                                        0       1       1       0   .abs_section_0
     _PTADD                                       1       1       1       0   .abs_section_1
     _PTBD                                        2       1       1       0   .abs_section_2
     _PTBDD                                       3       1       1       0   .abs_section_3
     _PTCD                                        4       1       1       0   .abs_section_4
     _PTCDD                                       5       1       1       0   .abs_section_5
     _PTDD                                        6       1       1       0   .abs_section_6
     _PTDDD                                       7       1       1       0   .abs_section_7
     _PTED                                        8       1       1       0   .abs_section_8
     _PTEDD                                       9       1       1       0   .abs_section_9
     _PTFD                                        A       1       1       0   .abs_section_a
     _PTFDD                                       B       1       1       0   .abs_section_b
     _KBI1SC                                      C       1       1       0   .abs_section_c
     _KBI1PE                                      D       1       1       0   .abs_section_d
     _KBI1ES                                      E       1       1       0   .abs_section_e
     _IRQSC                                       F       1       1       0   .abs_section_f
     _ADCSC1                                     10       1       1       0   .abs_section_10
     _ADCSC2                                     11       1       1       0   .abs_section_11
     _ADCCFG                                     16       1       1       0   .abs_section_16
     _APCTL1                                     17       1       1       0   .abs_section_17
     _APCTL2                                     18       1       1       0   .abs_section_18
     _APCTL3                                     19       1       1       0   .abs_section_19
     _ACMP1SC                                    1A       1       1       0   .abs_section_1a
     _ACMP2SC                                    1B       1       1       0   .abs_section_1b
     _PTGD                                       1C       1       1       0   .abs_section_1c
     _PTGDD                                      1D       1       1       0   .abs_section_1d
     _PTHD                                       1E       1       1       0   .abs_section_1e
     _PTHDD                                      1F       1       1       0   .abs_section_1f
     _SCI1C1                                     22       1       1       0   .abs_section_22
     _SCI1C2                                     23       1       1       0   .abs_section_23
     _SCI1S1                                     24       1       1       0   .abs_section_24
     _SCI1S2                                     25       1       1       0   .abs_section_25
     _SCI1C3                                     26       1       1       0   .abs_section_26
     _SCI1D                                      27       1       1       0   .abs_section_27
     _SPI1C1                                     28       1       1       0   .abs_section_28
     _SPI1C2                                     29       1       1       0   .abs_section_29
     _SPI1BR                                     2A       1       1       0   .abs_section_2a
     _SPI1S                                      2B       1       1       0   .abs_section_2b
     _SPI1D                                      2D       1       1       0   .abs_section_2d
     _PTJD                                       2E       1       1       0   .abs_section_2e
     _PTJDD                                      2F       1       1       0   .abs_section_2f
     _IIC1A                                      30       1       1       0   .abs_section_30
     _IIC1F                                      31       1       1       0   .abs_section_31
     _IIC1C1                                     32       1       1       0   .abs_section_32
     _IIC1S                                      33       1       1       0   .abs_section_33
     _IIC1D                                      34       1       1       0   .abs_section_34
     _IIC1C2                                     35       1       1       0   .abs_section_35
     _ICSC1                                      38       1       1       0   .abs_section_38
     _ICSC2                                      39       1       1       0   .abs_section_39
     _ICSTRM                                     3A       1       1       0   .abs_section_3a
     _ICSSC                                      3B       1       1       0   .abs_section_3b
     _KBI2SC                                     3C       1       1       0   .abs_section_3c
     _KBI2PE                                     3D       1       1       0   .abs_section_3d
     _KBI2ES                                     3E       1       1       0   .abs_section_3e
     _TPM1SC                                     40       1       1       0   .abs_section_40
     _TPM1C0SC                                   45       1       1       0   .abs_section_45
     _TPM1C1SC                                   48       1       1       0   .abs_section_48
     _TPM1C2SC                                   4B       1       1       0   .abs_section_4b
     _TPM2SC                                     50       1       1       0   .abs_section_50
     _TPM2C0SC                                   55       1       1       0   .abs_section_55
     _TPM2C1SC                                   58       1       1       0   .abs_section_58
     _TPM2C2SC                                   5B       1       1       0   .abs_section_5b
     _TPM3SC                                     60       1       1       0   .abs_section_60
     _TPM3C0SC                                   65       1       1       0   .abs_section_65
     _TPM3C1SC                                   68       1       1       0   .abs_section_68
     _TPM3C2SC                                   6B       1       1       0   .abs_section_6b
     _TPM3C3SC                                   6E       1       1       0   .abs_section_6e
     _TPM3C4SC                                   71       1       1       0   .abs_section_71
     _TPM3C5SC                                   74       1       1       0   .abs_section_74
     _PPAGE                                      78       1       1       0   .abs_section_78
     _LAP2                                       79       1       1       0   .abs_section_79
     _LAP1                                       7A       1       1       0   .abs_section_7a
     _LAP0                                       7B       1       1       0   .abs_section_7b
     _LWP                                        7C       1       1       0   .abs_section_7c
     _LBP                                        7D       1       1       0   .abs_section_7d
     _LB                                         7E       1       1       0   .abs_section_7e
     _LAPAB                                      7F       1       1       0   .abs_section_7f
     _SRS                                      1800       1       1       0   .abs_section_1800
     _SBDFR                                    1801       1       1       0   .abs_section_1801
     _SOPT1                                    1802       1       1       0   .abs_section_1802
     _SOPT2                                    1803       1       1       0   .abs_section_1803
     _SPMSC1                                   1808       1       1       0   .abs_section_1808
     _SPMSC2                                   1809       1       1       0   .abs_section_1809
     _SPMSC3                                   180B       1       1       0   .abs_section_180b
     _SCGC1                                    180E       1       1       0   .abs_section_180e
     _SCGC2                                    180F       1       1       0   .abs_section_180f
     _DBGCAX                                   1818       1       1       0   .abs_section_1818
     _DBGCBX                                   1819       1       1       0   .abs_section_1819
     _DBGCCX                                   181A       1       1       0   .abs_section_181a
     _DBGFX                                    181B       1       1       0   .abs_section_181b
     _DBGC                                     181C       1       1       0   .abs_section_181c
     _DBGT                                     181D       1       1       0   .abs_section_181d
     _DBGS                                     181E       1       1       0   .abs_section_181e
     _DBGCNT                                   181F       1       1       0   .abs_section_181f
     _FCDIV                                    1820       1       1       0   .abs_section_1820
     _FOPT                                     1821       1       1       0   .abs_section_1821
     _FCNFG                                    1823       1       1       0   .abs_section_1823
     _FPROT                                    1824       1       1       0   .abs_section_1824
     _FSTAT                                    1825       1       1       0   .abs_section_1825
     _FCMD                                     1826       1       1       0   .abs_section_1826
     _RTCSC                                    1830       1       1       0   .abs_section_1830
     _RTCCNT                                   1831       1       1       0   .abs_section_1831
     _RTCMOD                                   1832       1       1       0   .abs_section_1832
     _SPI2C1                                   1838       1       1       0   .abs_section_1838
     _SPI2C2                                   1839       1       1       0   .abs_section_1839
     _SPI2BR                                   183A       1       1       0   .abs_section_183a
     _SPI2S                                    183B       1       1       0   .abs_section_183b
     _SPI2D                                    183D       1       1       0   .abs_section_183d
     _PTAPE                                    1840       1       1       0   .abs_section_1840
     _PTASE                                    1841       1       1       0   .abs_section_1841
     _PTADS                                    1842       1       1       0   .abs_section_1842
     _PTBPE                                    1844       1       1       0   .abs_section_1844
     _PTBSE                                    1845       1       1       0   .abs_section_1845
     _PTBDS                                    1846       1       1       0   .abs_section_1846
     _PTCPE                                    1848       1       1       0   .abs_section_1848
     _PTCSE                                    1849       1       1       0   .abs_section_1849
     _PTCDS                                    184A       1       1       0   .abs_section_184a
     _PTDPE                                    184C       1       1       0   .abs_section_184c
     _PTDSE                                    184D       1       1       0   .abs_section_184d
     _PTDDS                                    184E       1       1       0   .abs_section_184e
     _PTEPE                                    1850       1       1       0   .abs_section_1850
     _PTESE                                    1851       1       1       0   .abs_section_1851
     _PTEDS                                    1852       1       1       0   .abs_section_1852
     _PTFPE                                    1854       1       1       0   .abs_section_1854
     _PTFSE                                    1855       1       1       0   .abs_section_1855
     _PTFDS                                    1856       1       1       0   .abs_section_1856
     _PTGPE                                    1858       1       1       0   .abs_section_1858
     _PTGSE                                    1859       1       1       0   .abs_section_1859
     _PTGDS                                    185A       1       1       0   .abs_section_185a
     _PTHPE                                    185C       1       1       0   .abs_section_185c
     _PTHSE                                    185D       1       1       0   .abs_section_185d
     _PTHDS                                    185E       1       1       0   .abs_section_185e
     _PTJPE                                    1860       1       1       0   .abs_section_1860
     _PTJSE                                    1861       1       1       0   .abs_section_1861
     _PTJDS                                    1862       1       1       0   .abs_section_1862
     _IIC2A                                    1868       1       1       0   .abs_section_1868
     _IIC2F                                    1869       1       1       0   .abs_section_1869
     _IIC2C1                                   186A       1       1       0   .abs_section_186a
     _IIC2S                                    186B       1       1       0   .abs_section_186b
     _IIC2D                                    186C       1       1       0   .abs_section_186c
     _IIC2C2                                   186D       1       1       0   .abs_section_186d
     _SCI2C1                                   1872       1       1       0   .abs_section_1872
     _SCI2C2                                   1873       1       1       0   .abs_section_1873
     _SCI2S1                                   1874       1       1       0   .abs_section_1874
     _SCI2S2                                   1875       1       1       0   .abs_section_1875
     _SCI2C3                                   1876       1       1       0   .abs_section_1876
     _SCI2D                                    1877       1       1       0   .abs_section_1877
     _PTCSET                                   1878       1       1       0   .abs_section_1878
     _PTESET                                   1879       1       1       0   .abs_section_1879
     _PTCCLR                                   187A       1       1       0   .abs_section_187a
     _PTECLR                                   187B       1       1       0   .abs_section_187b
     _PTCTOG                                   187C       1       1       0   .abs_section_187c
     _PTETOG                                   187D       1       1       0   .abs_section_187d
     _ADCR                                       12       2       2       0   .abs_section_12
     _ADCCV                                      14       2       2       0   .abs_section_14
     _SCI1BD                                     20       2       2       0   .abs_section_20
     _TPM1CNT                                    41       2       2       0   .abs_section_41
     _TPM1MOD                                    43       2       2       0   .abs_section_43
     _TPM1C0V                                    46       2       2       0   .abs_section_46
     _TPM1C1V                                    49       2       2       0   .abs_section_49
     _TPM1C2V                                    4C       2       2       0   .abs_section_4c
     _TPM2CNT                                    51       2       2       0   .abs_section_51
     _TPM2MOD                                    53       2       2       0   .abs_section_53
     _TPM2C0V                                    56       2       2       0   .abs_section_56
     _TPM2C1V                                    59       2       2       0   .abs_section_59
     _TPM2C2V                                    5C       2       2       0   .abs_section_5c
     _TPM3CNT                                    61       2       2       0   .abs_section_61
     _TPM3MOD                                    63       2       2       0   .abs_section_63
     _TPM3C0V                                    66       2       2       0   .abs_section_66
     _TPM3C1V                                    69       2       2       0   .abs_section_69
     _TPM3C2V                                    6C       2       2       0   .abs_section_6c
     _TPM3C3V                                    6F       2       2       0   .abs_section_6f
     _TPM3C4V                                    72       2       2       0   .abs_section_72
     _TPM3C5V                                    75       2       2       0   .abs_section_75
     _SDID                                     1806       2       2       0   .abs_section_1806
     _DBGCA                                    1810       2       2       0   .abs_section_1810
     _DBGCB                                    1812       2       2       0   .abs_section_1812
     _DBGCC                                    1814       2       2       0   .abs_section_1814
     _DBGF                                     1816       2       2       0   .abs_section_1816
     _SCI2BD                                   1870       2       2       0   .abs_section_1870
MODULE:                 -- vectortable_c.obj --
- PROCEDURES:
     UnimplementedISR                             0'Error       3       3       0   NON_BANKED  
- VARIABLES:
     ISR_vectors                               FFC0      3E      62       0   .abs_section_ffc0
MODULE:                 -- OTAP_c.obj --
- PROCEDURES:
     Otap_OpcMain                                 0'Error       1       1       0   .text       
     Otap_OpcInit                                 0'Error       1       1       0   .text       
- VARIABLES:
MODULE:                 -- main_c.obj --
- PROCEDURES:
     main                                         0'Error      22      34       0   .text       
     InitProject                                  0'Error      84     132       0   .text       
     UartTxCallback                               0'Error       6       6       0   NON_BANKED  
     UartRxCallback                               0'Error      1D      29       0   NON_BANKED  
     KbiCallback                                  0'Error      2B      43       0   NON_BANKED  
     LCDCallback                                  0'Error       1       1       0   NON_BANKED  
- VARIABLES:
     STRING........Generic.Demon.1                0'Error      29      41       0   .rodata1    
     KeyPressed                                   0'Error       1       1       0   .bss        
     bUartDataInFlag                              0'Error       1       1       0   .common     
     bUartTxDone                                  0'Error       1       1       0   .common     
     UartData                                     0'Error       1       1       0   .common     
     portNumber                                   0'Error       1       1       0   .common     
     uartSettings                                 0'Error       4       4       0   .common     
     gKbiConfiguration                            0'Error       3       3       0   .common     
     type                                         0'Error       1       1       0   .common     
     dest                                         0'Error       1       1       0   .common     
MODULE:                 -- rtshc08.o (ansibim.lib) --
- PROCEDURES:
     _PUSH_ARGS_L                                 0'Error      20      32       0   NON_BANKED  
     _ENTER_UNARY_L                               0'Error      29      41       0   NON_BANKED  
     _ENTER_BINARY_L                              0'Error      16      22       0   NON_BANKED  
     _ENTER_BINARY_L_RC                           0'Error      19      25       0   NON_BANKED  
     _LADD_k_is_k_plus_j                          0'Error      1F      31       0   NON_BANKED  
     _k_is_k_plus_j_l                             0'Error      1E      30       0   NON_BANKED  
     _k_is_k_plus_j_i                             0'Error      12      18       0   NON_BANKED  
     _LMUL_k_is_k_mul_j                           0'Error      81     129       0   NON_BANKED  
     _LDIVMOD                                     0'Error      A4     164       0   NON_BANKED  
     _LDIVU_k_is_k_div_j                          0'Error      17      23       0   NON_BANKED  
     _LCMP_k_rel_j                                0'Error      1F      31       0   NON_BANKED  
     _ILSL                                        0'Error       C      12       0   NON_BANKED  
     _LADD                                        0'Error       6       6       0   NON_BANKED  
     _LADD_RC                                     0'Error       6       6       0   NON_BANKED  
     _LMUL_RC                                     0'Error       6       6       0   NON_BANKED  
     _LDIVU_RC                                    0'Error       6       6       0   NON_BANKED  
     _LLSL                                        0'Error      16      22       0   NON_BANKED  
     _LCMP                                        0'Error       6       6       0   NON_BANKED  
     _POP32                                       0'Error      1A      26       0   NON_BANKED  
- VARIABLES:

*********************************************************************************************
MODULE STATISTIC
  Name                                      Data   Code  Const
---------------------------------------------------------------------------------------------

*********************************************************************************************
SECTION USE IN OBJECT-ALLOCATION SECTION
---------------------------------------------------------------------------------------------

*********************************************************************************************
OBJECT LIST SORTED BY ADDRESS
     Name                                      Addr   hSize   dSize     Ref    Section   RLIB
---------------------------------------------------------------------------------------------

*********************************************************************************************
UNUSED-OBJECTS SECTION
---------------------------------------------------------------------------------------------
NOT USED PROCEDURES
uMac_c.obj:
  uMac_Txf 
SMAC_c.obj:
  MLMELinkQuality MLMEDozeRequest MLMEGetChannelRequest MLMEHibernateRequest 
  MLMEXtalAdjust MLMESoftReset MLMEWakeRequest XCVRContReset XCVRRestart 
  MLMEGetRficVersion MLMESetPromiscuousMode MLMEGetPromiscuousMode 
  MLMEScanRequest MLMETestMode SMACEnableInterrupts SMACDisableInterrupts 
  PhyTimeStartEventIndication 
SPI_c.obj:
  SPI1_ReadByte 
UART_c.obj:
  Uart_GetBytesFromRxBufferUntilToken Uart_StringTx Uart_Transmit Uart2_Task 
  EnableFlowIfConditionsOk StringLen 
PhyMC1320X_c.obj:
  PhyPlmeDozeRequest PhyXtalAdjust PhyEnableTxNoModulation 
  PhyDisableTxNoModulation PhyEnableContinuousTxRxMode 
  PhyDisableContinuousTxRxMode PhyGetRfIcVersion PhyHibernateRequest 
  PhyWakeRequest PhyEnableRadioInterrupts PhyDisableRadioInterrupts 
Radio_c.obj:
  Radio_IsRadioIdle Radio_EnableRadioInterrupts Radio_DisableRadioInterrupts 
LVD_c.obj:
  Lvd_Init Lvd_VoltageStatus 
LED_c.obj:
  Led_OnAll 
LCD_c.obj:
  Lcd_WriteChar Lcd_WriteStringNonBlocking Lcd_WriteStringBlocking Lcd_Clear 
  LcdSelectFirstLine LcdSelectSecondLine 
IRQ_c.obj:
  Default_Dummy_ISR 
IIC_c.obj:
  IIC_Init IIC_Write IIC_Read IIC_WriteBlocking IIC_ReadBlocking 
  IIC_StopTransaction iicSendNextByte 
GPIO_c.obj:
  Gpio_ConfigPort Gpio_PortValue Gpio_PinValue 
Utilities_c.obj:
  HexToAscii convert_2_bcd HexaToAscii stringComp MemoryCpy MemorySet 
  PrintByteOnHexFormatBlocking PrintWordOnDecimalFormatBlocking int2BCD 
  HexString2Dec16 
McuInit_c.obj:
  MCU_SetInternalClock8Mhz MCU_UseMcuClock 
OTAP_c.obj:
  Otap_OpcMCPSDataComfirm Otap_OpcMCPSDataIndication 
rtshc08.o (ansibim.lib):
  _PUSH_ARGS_D _ENTER_UNARY_L64 _ENTER_UNARY_L64_4 _ENTER_BINARY_L_LC 
  _ENTER_BINARY_L64 _ENTER_BINARY_L64_LC _ENTER_BINARY_L64_RC _IDIVMOD 
  _SPLITSIGN _LSUB_k_is_k_minus_j _LAND_k_is_k_and_j _LOR_k_is_k_or_j 
  _LXOR_k_is_k_xor_j _NEG_L_HX _ABS_L_HX _SPLITSIGN_L _LMODU_k_is_k_mod_j 
  _LMODS_k_is_k_mod_j _LDIVS_k_is_k_div_j _CMP24_k_rel_j _BMULS _BDIVS _BMODS 
  _IMUL_STAR08 _IDIVS_STAR08 _IDIVU_STAR08 _IMODS_STAR08 _IMODU_STAR08 _IDIVU_8 
  _IMODU_8 _IASR _ILSR _ICMP _LINC _LDEC _LNEG _LNOT _LSUB _LSUB_LC _LSUB_RC 
  _LAND _LAND_RC _LOR _LOR_RC _LXOR _LXOR_RC _LMUL _LDIVS _LDIVS_LC _LDIVS_RC 
  _LDIVU _LDIVU_LC _LMODS _LMODS_LC _LMODS_RC _LMODU _LMODU_LC _LMODU_RC _LASR 
  _LLSR _LCMP_RC _PUSH_ARGS_24 _ENTER_BINARY_24_RC _ENTER_BINARY_24 _CMP24 
  _CMP24_RC _COPY _COPY_L _POP64 _STORE32 _STORE64 _SEXT8_32 _SEXT16_32 
  _CALL_STAR08 _CALL_STAR08_FAR _Jump_Table_Addr _Jump_Table_Offset 
  _Jump_Table_Header_Addr _Jump_Table_Header_Offset _Search_Table_16_Addr 
  _Search_Table_16_Offset _Search_Table_8_Addr _Search_Table_8_Offset _PUSH_CC 
  _POP_CC _CONV_FAR_TO_NEAR _CONV_FAR_TO_LINEAR _CONV_LINEAR_TO_FAR 
NOT USED VARIABLES
uMac_c.obj:
  bestChannel 
SMAC_c.obj:
  au8SmacVersion u8TestBuffer 
PhyMC1320X_c.obj:
  u8DataLength.1 u8DataLength.2 u8DataLength.3 u8DataLength.4 u8DataLength.5 
  u8DataLength.6 u8DataLength.7 u8DataLength.8 u8DataLength.9 u8DataLength.10 
  u8DataLength.11 u8DataLength.12 u8DataLength.13 u8DataLength.14 
  u8DataLength.15 u8DataLength.16 phyFlags 
LCD_c.obj:
  mu8LcdStringLength 
IIC_c.obj:
  gu8IicStarterAddress 
Utilities_c.obj:
  HexString.1 HexString.2 HexString.3 HexString.4 HexString.5 HexString.6 
  HexString.7 HexString.8 HexString.9 HexString.10 HexString.11 HexString.12 
  HexString.13 HexString.14 HexString.15 HexString.16 HexString.17 decString.18 
  decString.19 decString.20 decString.21 decString.22 decString.23 decString.24 
  decString.25 decString.26 decString.27 decString.28 decString.29 decString.30 
  decString.31 decString.32 decString.33 decString.34 
vectortable_c.obj:
  Reset_vector 
rtshc08.o (ansibim.lib):
  _PowOfTwo_8 _PowOfTwo_16 _PowOfTwo_32 errno 

*********************************************************************************************
COPYDOWN SECTION
---------------------------------------------------------------------------------------------

*********************************************************************************************
OBJECT-DEPENDENCIES SECTION
---------------------------------------------------------------------------------------------

*********************************************************************************************
STATISTIC SECTION
---------------------------------------------------------------------------------------------

ExeFile:
--------
Number of blocks to be downloaded: 0
Total size of all blocks to be downloaded: 0

